Archive member included to satisfy reference by file (symbol)

c:/Users/kroko/AppData/Roaming/Code/User/globalStorage/bmd.stm32-for-vscode/@xpack-dev-tools/arm-none-eabi-gcc/13.3.1-1.1.1/.content/bin/../lib/gcc/arm-none-eabi/13.3.1/../../../../arm-none-eabi/lib/thumb/v6-m/nofp\libc_nano.a(libc_a-atexit.o)
                              c:/Users/kroko/AppData/Roaming/Code/User/globalStorage/bmd.stm32-for-vscode/@xpack-dev-tools/arm-none-eabi-gcc/13.3.1-1.1.1/.content/bin/../lib/gcc/arm-none-eabi/13.3.1/../../../../arm-none-eabi/lib/thumb/v6-m/nofp/crt0.o (atexit)
c:/Users/kroko/AppData/Roaming/Code/User/globalStorage/bmd.stm32-for-vscode/@xpack-dev-tools/arm-none-eabi-gcc/13.3.1-1.1.1/.content/bin/../lib/gcc/arm-none-eabi/13.3.1/../../../../arm-none-eabi/lib/thumb/v6-m/nofp\libc_nano.a(libc_a-exit.o)
                              c:/Users/kroko/AppData/Roaming/Code/User/globalStorage/bmd.stm32-for-vscode/@xpack-dev-tools/arm-none-eabi-gcc/13.3.1-1.1.1/.content/bin/../lib/gcc/arm-none-eabi/13.3.1/../../../../arm-none-eabi/lib/thumb/v6-m/nofp/crt0.o (exit)
c:/Users/kroko/AppData/Roaming/Code/User/globalStorage/bmd.stm32-for-vscode/@xpack-dev-tools/arm-none-eabi-gcc/13.3.1-1.1.1/.content/bin/../lib/gcc/arm-none-eabi/13.3.1/../../../../arm-none-eabi/lib/thumb/v6-m/nofp\libc_nano.a(libc_a-findfp.o)
                              c:/Users/kroko/AppData/Roaming/Code/User/globalStorage/bmd.stm32-for-vscode/@xpack-dev-tools/arm-none-eabi-gcc/13.3.1-1.1.1/.content/bin/../lib/gcc/arm-none-eabi/13.3.1/../../../../arm-none-eabi/lib/thumb/v6-m/nofp\libc_nano.a(libc_a-exit.o) (__stdio_exit_handler)
c:/Users/kroko/AppData/Roaming/Code/User/globalStorage/bmd.stm32-for-vscode/@xpack-dev-tools/arm-none-eabi-gcc/13.3.1-1.1.1/.content/bin/../lib/gcc/arm-none-eabi/13.3.1/../../../../arm-none-eabi/lib/thumb/v6-m/nofp\libc_nano.a(libc_a-fwalk.o)
                              c:/Users/kroko/AppData/Roaming/Code/User/globalStorage/bmd.stm32-for-vscode/@xpack-dev-tools/arm-none-eabi-gcc/13.3.1-1.1.1/.content/bin/../lib/gcc/arm-none-eabi/13.3.1/../../../../arm-none-eabi/lib/thumb/v6-m/nofp\libc_nano.a(libc_a-findfp.o) (_fwalk_sglue)
c:/Users/kroko/AppData/Roaming/Code/User/globalStorage/bmd.stm32-for-vscode/@xpack-dev-tools/arm-none-eabi-gcc/13.3.1-1.1.1/.content/bin/../lib/gcc/arm-none-eabi/13.3.1/../../../../arm-none-eabi/lib/thumb/v6-m/nofp\libc_nano.a(libc_a-stdio.o)
                              c:/Users/kroko/AppData/Roaming/Code/User/globalStorage/bmd.stm32-for-vscode/@xpack-dev-tools/arm-none-eabi-gcc/13.3.1-1.1.1/.content/bin/../lib/gcc/arm-none-eabi/13.3.1/../../../../arm-none-eabi/lib/thumb/v6-m/nofp\libc_nano.a(libc_a-findfp.o) (__sread)
c:/Users/kroko/AppData/Roaming/Code/User/globalStorage/bmd.stm32-for-vscode/@xpack-dev-tools/arm-none-eabi-gcc/13.3.1-1.1.1/.content/bin/../lib/gcc/arm-none-eabi/13.3.1/../../../../arm-none-eabi/lib/thumb/v6-m/nofp\libc_nano.a(libc_a-memset.o)
                              c:/Users/kroko/AppData/Roaming/Code/User/globalStorage/bmd.stm32-for-vscode/@xpack-dev-tools/arm-none-eabi-gcc/13.3.1-1.1.1/.content/bin/../lib/gcc/arm-none-eabi/13.3.1/../../../../arm-none-eabi/lib/thumb/v6-m/nofp/crt0.o (memset)
c:/Users/kroko/AppData/Roaming/Code/User/globalStorage/bmd.stm32-for-vscode/@xpack-dev-tools/arm-none-eabi-gcc/13.3.1-1.1.1/.content/bin/../lib/gcc/arm-none-eabi/13.3.1/../../../../arm-none-eabi/lib/thumb/v6-m/nofp\libc_nano.a(libc_a-closer.o)
                              c:/Users/kroko/AppData/Roaming/Code/User/globalStorage/bmd.stm32-for-vscode/@xpack-dev-tools/arm-none-eabi-gcc/13.3.1-1.1.1/.content/bin/../lib/gcc/arm-none-eabi/13.3.1/../../../../arm-none-eabi/lib/thumb/v6-m/nofp\libc_nano.a(libc_a-stdio.o) (_close_r)
c:/Users/kroko/AppData/Roaming/Code/User/globalStorage/bmd.stm32-for-vscode/@xpack-dev-tools/arm-none-eabi-gcc/13.3.1-1.1.1/.content/bin/../lib/gcc/arm-none-eabi/13.3.1/../../../../arm-none-eabi/lib/thumb/v6-m/nofp\libc_nano.a(libc_a-reent.o)
                              c:/Users/kroko/AppData/Roaming/Code/User/globalStorage/bmd.stm32-for-vscode/@xpack-dev-tools/arm-none-eabi-gcc/13.3.1-1.1.1/.content/bin/../lib/gcc/arm-none-eabi/13.3.1/../../../../arm-none-eabi/lib/thumb/v6-m/nofp\libc_nano.a(libc_a-closer.o) (errno)
c:/Users/kroko/AppData/Roaming/Code/User/globalStorage/bmd.stm32-for-vscode/@xpack-dev-tools/arm-none-eabi-gcc/13.3.1-1.1.1/.content/bin/../lib/gcc/arm-none-eabi/13.3.1/../../../../arm-none-eabi/lib/thumb/v6-m/nofp\libc_nano.a(libc_a-impure.o)
                              c:/Users/kroko/AppData/Roaming/Code/User/globalStorage/bmd.stm32-for-vscode/@xpack-dev-tools/arm-none-eabi-gcc/13.3.1-1.1.1/.content/bin/../lib/gcc/arm-none-eabi/13.3.1/../../../../arm-none-eabi/lib/thumb/v6-m/nofp\libc_nano.a(libc_a-reent.o) (_impure_ptr)
c:/Users/kroko/AppData/Roaming/Code/User/globalStorage/bmd.stm32-for-vscode/@xpack-dev-tools/arm-none-eabi-gcc/13.3.1-1.1.1/.content/bin/../lib/gcc/arm-none-eabi/13.3.1/../../../../arm-none-eabi/lib/thumb/v6-m/nofp\libc_nano.a(libc_a-lseekr.o)
[...]
Memory Configuration

Name             Origin             Length             Attributes
RAM              0x20000000         0x00004000         xrw
FLASH            0x08000000         0x00010000         xr
*default*        0x00000000         0xffffffff

Linker script and memory map

LOAD c:/Users/kroko/AppData/Roaming/Code/User/globalStorage/bmd.stm32-for-vscode/@xpack-dev-tools/arm-none-eabi-gcc/13.3.1-1.1.1/.content/bin/../lib/gcc/arm-none-eabi/13.3.1/thumb/v6-m/nofp/crti.o
LOAD c:/Users/kroko/AppData/Roaming/Code/User/globalStorage/bmd.stm32-for-vscode/@xpack-dev-tools/arm-none-eabi-gcc/13.3.1-1.1.1/.content/bin/../lib/gcc/arm-none-eabi/13.3.1/thumb/v6-m/nofp/crtbegin.o
LOAD c:/Users/kroko/AppData/Roaming/Code/User/globalStorage/bmd.stm32-for-vscode/@xpack-dev-tools/arm-none-eabi-gcc/13.3.1-1.1.1/.content/bin/../lib/gcc/arm-none-eabi/13.3.1/../../../../arm-none-eabi/lib/thumb/v6-m/nofp/crt0.o
LOAD build/debug/Core/Src/main.o
LOAD build/debug/Core/Src/stm32f0xx_hal_msp.o
LOAD build/debug/Core/Src/stm32f0xx_it.o
LOAD build/debug/Core/Src/syscalls.o
LOAD build/debug/Core/Src/sysmem.o
LOAD build/debug/Core/Src/system_stm32f0xx.o
LOAD build/debug/Drivers/STM32F0xx_HAL_Driver/Src/stm32f0xx_hal.o
LOAD build/debug/Drivers/STM32F0xx_HAL_Driver/Src/stm32f0xx_hal_adc.o
LOAD build/debug/Drivers/STM32F0xx_HAL_Driver/Src/stm32f0xx_hal_adc_ex.o
LOAD build/debug/Drivers/STM32F0xx_HAL_Driver/Src/stm32f0xx_hal_cortex.o
LOAD build/debug/Drivers/STM32F0xx_HAL_Driver/Src/stm32f0xx_hal_dma.o
LOAD build/debug/Drivers/STM32F0xx_HAL_Driver/Src/stm32f0xx_hal_exti.o
LOAD build/debug/Drivers/STM32F0xx_HAL_Driver/Src/stm32f0xx_hal_flash.o
LOAD build/debug/Drivers/STM32F0xx_HAL_Driver/Src/stm32f0xx_hal_flash_ex.o
LOAD build/debug/Drivers/STM32F0xx_HAL_Driver/Src/stm32f0xx_hal_gpio.o
LOAD build/debug/Drivers/STM32F0xx_HAL_Driver/Src/stm32f0xx_hal_i2c.o
LOAD build/debug/Drivers/STM32F0xx_HAL_Driver/Src/stm32f0xx_hal_i2c_ex.o
LOAD build/debug/Drivers/STM32F0xx_HAL_Driver/Src/stm32f0xx_hal_pwr.o
LOAD build/debug/Drivers/STM32F0xx_HAL_Driver/Src/stm32f0xx_hal_pwr_ex.o
LOAD build/debug/Drivers/STM32F0xx_HAL_Driver/Src/stm32f0xx_hal_rcc.o
LOAD build/debug/Drivers/STM32F0xx_HAL_Driver/Src/stm32f0xx_hal_rcc_ex.o
LOAD build/debug/Drivers/STM32F0xx_HAL_Driver/Src/stm32f0xx_hal_tim.o
LOAD build/debug/Drivers/STM32F0xx_HAL_Driver/Src/stm32f0xx_hal_tim_ex.o
LOAD build/debug/startup_stm32f072xb.o
LOAD c:/Users/kroko/AppData/Roaming/Code/User/globalStorage/bmd.stm32-for-vscode/@xpack-dev-tools/arm-none-eabi-gcc/13.3.1-1.1.1/.content/bin/../lib/gcc/arm-none-eabi/13.3.1/../../../../arm-none-eabi/lib/thumb/v6-m/nofp\libc_nano.a
LOAD c:/Users/kroko/AppData/Roaming/Code/User/globalStorage/bmd.stm32-for-vscode/@xpack-dev-tools/arm-none-eabi-gcc/13.3.1-1.1.1/.content/bin/../lib/gcc/arm-none-eabi/13.3.1/../../../../arm-none-eabi/lib/thumb/v6-m/nofp\libm.a
LOAD c:/Users/kroko/AppData/Roaming/Code/User/globalStorage/bmd.stm32-for-vscode/@xpack-dev-tools/arm-none-eabi-gcc/13.3.1-1.1.1/.content/bin/../lib/gcc/arm-none-eabi/13.3.1/../../../../arm-none-eabi/lib/thumb/v6-m/nofp\libnosys.a
START GROUP
LOAD c:/Users/kroko/AppData/Roaming/Code/User/globalStorage/bmd.stm32-for-vscode/@xpack-dev-tools/arm-none-eabi-gcc/13.3.1-1.1.1/.content/bin/../lib/gcc/arm-none-eabi/13.3.1/thumb/v6-m/nofp\libgcc.a
LOAD c:/Users/kroko/AppData/Roaming/Code/User/globalStorage/bmd.stm32-for-vscode/@xpack-dev-tools/arm-none-eabi-gcc/13.3.1-1.1.1/.content/bin/../lib/gcc/arm-none-eabi/13.3.1/../../../../arm-none-eabi/lib/thumb/v6-m/nofp\libc_nano.a
END GROUP
START GROUP
LOAD c:/Users/kroko/AppData/Roaming/Code/User/globalStorage/bmd.stm32-for-vscode/@xpack-dev-tools/arm-none-eabi-gcc/13.3.1-1.1.1/.content/bin/../lib/gcc/arm-none-eabi/13.3.1/thumb/v6-m/nofp\libgcc.a
LOAD c:/Users/kroko/AppData/Roaming/Code/User/globalStorage/bmd.stm32-for-vscode/@xpack-dev-tools/arm-none-eabi-gcc/13.3.1-1.1.1/.content/bin/../lib/gcc/arm-none-eabi/13.3.1/../../../../arm-none-eabi/lib/thumb/v6-m/nofp\libc_nano.a
END GROUP
LOAD c:/Users/kroko/AppData/Roaming/Code/User/globalStorage/bmd.stm32-for-vscode/@xpack-dev-tools/arm-none-eabi-gcc/13.3.1-1.1.1/.content/bin/../lib/gcc/arm-none-eabi/13.3.1/thumb/v6-m/nofp/crtend.o
LOAD c:/Users/kroko/AppData/Roaming/Code/User/globalStorage/bmd.stm32-for-vscode/@xpack-dev-tools/arm-none-eabi-gcc/13.3.1-1.1.1/.content/bin/../lib/gcc/arm-none-eabi/13.3.1/thumb/v6-m/nofp/crtn.o
                0x20004000                        _estack = (ORIGIN (RAM) + LENGTH (RAM))
                0x00000200                        _Min_Heap_Size = 0x200
                0x00000400                        _Min_Stack_Size = 0x400

.isr_vector     0x08000000       0xc0
                0x08000000                        . = ALIGN (0x4)
 *(.isr_vector)
 .isr_vector    0x08000000       0xc0 build/debug/startup_stm32f072xb.o
                0x08000000                g_pfnVectors
                0x080000c0                        . = ALIGN (0x4)

.text           0x080000c0     0x2164
                0x080000c0                        . = ALIGN (0x4)
 *(.text)
 .text          0x080000c0      0x114 c:/Users/kroko/AppData/Roaming/Code/User/globalStorage/bmd.stm32-for-vscode/@xpack-dev-tools/arm-none-eabi-gcc/13.3.1-1.1.1/.content/bin/../lib/gcc/arm-none-eabi/13.3.1/thumb/v6-m/nofp\libgcc.a(_udivsi3.o)
                0x080000c0                __aeabi_uidiv
                0x080000c0                __udivsi3
                0x080001cc                __aeabi_uidivmod
 .text          0x080001d4        0x4 c:/Users/kroko/AppData/Roaming/Code/User/globalStorage/bmd.stm32-for-vscode/@xpack-dev-tools/arm-none-eabi-gcc/13.3.1-1.1.1/.content/bin/../lib/gcc/arm-none-eabi/13.3.1/thumb/v6-m/nofp\libgcc.a(_dvmd_tls.o)
                0x080001d4                __aeabi_idiv0
                0x080001d4                __aeabi_ldiv0
 *(.text*)
 .text.__do_global_dtors_aux
                0x080001d8       0x28 c:/Users/kroko/AppData/Roaming/Code/User/globalStorage/bmd.stm32-for-vscode/@xpack-dev-tools/arm-none-eabi-gcc/13.3.1-1.1.1/.content/bin/../lib/gcc/arm-none-eabi/13.3.1/thumb/v6-m/nofp/crtbegin.o
 .text.frame_dummy
                0x08000200       0x20 c:/Users/kroko/AppData/Roaming/Code/User/globalStorage/bmd.stm32-for-vscode/@xpack-dev-tools/arm-none-eabi-gcc/13.3.1-1.1.1/.content/bin/../lib/gcc/arm-none-eabi/13.3.1/thumb/v6-m/nofp/crtbegin.o
 .text.MX_GPIO_Init
                0x08000220       0xa0 build/debug/Core/Src/main.o
 .text.MX_DMA_Init
                0x080002c0       0x30 build/debug/Core/Src/main.o
 .text.setPhases
                0x080002f0       0x9c build/debug/Core/Src/main.o
                0x080002f0                setPhases
 .text.Error_Handler
                0x0800038c        0x4 build/debug/Core/Src/main.o
                0x0800038c                Error_Handler
 .text.MX_ADC_Init
                0x08000390       0x70 build/debug/Core/Src/main.o
 .text.MX_TIM1_Init
                0x08000400      0x108 build/debug/Core/Src/main.o
 .text.SystemClock_Config
                0x08000508       0x66 build/debug/Core/Src/main.o
                0x08000508                SystemClock_Config
 *fill*         0x0800056e        0x2 
 .text.main     0x08000570      0x1a8 build/debug/Core/Src/main.o
                0x08000570                main
 .text.HAL_MspInit
                0x08000718       0x30 build/debug/Core/Src/stm32f0xx_hal_msp.o
                0x08000718                HAL_MspInit
 .text.HAL_ADC_MspInit
                0x08000748       0x9c build/debug/Core/Src/stm32f0xx_hal_msp.o
                0x08000748                HAL_ADC_MspInit
 .text.HAL_TIM_Base_MspInit
                0x080007e4       0x2c build/debug/Core/Src/stm32f0xx_hal_msp.o
                0x080007e4                HAL_TIM_Base_MspInit
 .text.HAL_TIM_MspPostInit
                0x08000810       0x50 build/debug/Core/Src/stm32f0xx_hal_msp.o
                0x08000810                HAL_TIM_MspPostInit
 .text.NMI_Handler
                0x08000860        0x2 build/debug/Core/Src/stm32f0xx_it.o
                0x08000860                NMI_Handler
 .text.HardFault_Handler
                0x08000862        0x2 build/debug/Core/Src/stm32f0xx_it.o
                0x08000862                HardFault_Handler
 .text.SVC_Handler
                0x08000864        0x2 build/debug/Core/Src/stm32f0xx_it.o
                0x08000864                SVC_Handler
 .text.PendSV_Handler
                0x08000866        0x2 build/debug/Core/Src/stm32f0xx_it.o
                0x08000866                PendSV_Handler
 .text.SysTick_Handler
                0x08000868        0x8 build/debug/Core/Src/stm32f0xx_it.o
                0x08000868                SysTick_Handler
 .text.DMA1_Channel1_IRQHandler
                0x08000870       0x10 build/debug/Core/Src/stm32f0xx_it.o
                0x08000870                DMA1_Channel1_IRQHandler
 .text.SystemInit
                0x08000880        0x2 build/debug/Core/Src/system_stm32f0xx.o
                0x08000880                SystemInit
 *fill*         0x08000882        0x2 
 .text.HAL_InitTick
                0x08000884       0x50 build/debug/Drivers/STM32F0xx_HAL_Driver/Src/stm32f0xx_hal.o
                0x08000884                HAL_InitTick
 .text.HAL_Init
                0x080008d4       0x20 build/debug/Drivers/STM32F0xx_HAL_Driver/Src/stm32f0xx_hal.o
                0x080008d4                HAL_Init
 .text.HAL_IncTick
                0x080008f4       0x18 build/debug/Drivers/STM32F0xx_HAL_Driver/Src/stm32f0xx_hal.o
                0x080008f4                HAL_IncTick
 .text.HAL_GetTick
                0x0800090c        0xc build/debug/Drivers/STM32F0xx_HAL_Driver/Src/stm32f0xx_hal.o
                0x0800090c                HAL_GetTick
 .text.HAL_Delay
                0x08000918       0x24 build/debug/Drivers/STM32F0xx_HAL_Driver/Src/stm32f0xx_hal.o
                0x08000918                HAL_Delay
 .text.ADC_Enable
                0x0800093c       0xb0 build/debug/Drivers/STM32F0xx_HAL_Driver/Src/stm32f0xx_hal_adc.o
 .text.HAL_ADC_Init
                0x080009ec      0x184 build/debug/Drivers/STM32F0xx_HAL_Driver/Src/stm32f0xx_hal_adc.o
                0x080009ec                HAL_ADC_Init
 .text.HAL_ADC_Start
                0x08000b70       0x60 build/debug/Drivers/STM32F0xx_HAL_Driver/Src/stm32f0xx_hal_adc.o
                0x08000b70                HAL_ADC_Start
 .text.HAL_ADC_Start_DMA
                0x08000bd0       0xa8 build/debug/Drivers/STM32F0xx_HAL_Driver/Src/stm32f0xx_hal_adc.o
                0x08000bd0                HAL_ADC_Start_DMA
 .text.HAL_ADC_ConvCpltCallback
                0x08000c78        0x2 build/debug/Drivers/STM32F0xx_HAL_Driver/Src/stm32f0xx_hal_adc.o
                0x08000c78                HAL_ADC_ConvCpltCallback
 *fill*         0x08000c7a        0x2 
 .text.ADC_DMAConvCplt
                0x08000c7c       0x70 build/debug/Drivers/STM32F0xx_HAL_Driver/Src/stm32f0xx_hal_adc.o
 .text.HAL_ADC_ConvHalfCpltCallback
                0x08000cec        0x2 build/debug/Drivers/STM32F0xx_HAL_Driver/Src/stm32f0xx_hal_adc.o
                0x08000cec                HAL_ADC_ConvHalfCpltCallback
 .text.ADC_DMAHalfConvCplt
                0x08000cee        0xa build/debug/Drivers/STM32F0xx_HAL_Driver/Src/stm32f0xx_hal_adc.o
 .text.HAL_ADC_ErrorCallback
                0x08000cf8        0x2 build/debug/Drivers/STM32F0xx_HAL_Driver/Src/stm32f0xx_hal_adc.o
                0x08000cf8                HAL_ADC_ErrorCallback
 .text.ADC_DMAError
                0x08000cfa       0x1a build/debug/Drivers/STM32F0xx_HAL_Driver/Src/stm32f0xx_hal_adc.o
 .text.HAL_ADC_ConfigChannel
                0x08000d14      0x138 build/debug/Drivers/STM32F0xx_HAL_Driver/Src/stm32f0xx_hal_adc.o
                0x08000d14                HAL_ADC_ConfigChannel
 .text.__NVIC_SetPriority
                0x08000e4c       0x60 build/debug/Drivers/STM32F0xx_HAL_Driver/Src/stm32f0xx_hal_cortex.o
 .text.SysTick_Config
                0x08000eac       0x38 build/debug/Drivers/STM32F0xx_HAL_Driver/Src/stm32f0xx_hal_cortex.o
 .text.HAL_NVIC_SetPriority
                0x08000ee4        0x8 build/debug/Drivers/STM32F0xx_HAL_Driver/Src/stm32f0xx_hal_cortex.o
                0x08000ee4                HAL_NVIC_SetPriority
 .text.HAL_NVIC_EnableIRQ
                0x08000eec       0x18 build/debug/Drivers/STM32F0xx_HAL_Driver/Src/stm32f0xx_hal_cortex.o
                0x08000eec                HAL_NVIC_EnableIRQ
 .text.HAL_SYSTICK_Config
                0x08000f04        0x8 build/debug/Drivers/STM32F0xx_HAL_Driver/Src/stm32f0xx_hal_cortex.o
                0x08000f04                HAL_SYSTICK_Config
 .text.DMA_SetConfig
                0x08000f0c       0x2a build/debug/Drivers/STM32F0xx_HAL_Driver/Src/stm32f0xx_hal_dma.o
 *fill*         0x08000f36        0x2 
 .text.DMA_CalcBaseAndBitshift
                0x08000f38       0x24 build/debug/Drivers/STM32F0xx_HAL_Driver/Src/stm32f0xx_hal_dma.o
 .text.HAL_DMA_Init
                0x08000f5c       0x50 build/debug/Drivers/STM32F0xx_HAL_Driver/Src/stm32f0xx_hal_dma.o
                0x08000f5c                HAL_DMA_Init
 .text.HAL_DMA_Start_IT
                0x08000fac       0x76 build/debug/Drivers/STM32F0xx_HAL_Driver/Src/stm32f0xx_hal_dma.o
                0x08000fac                HAL_DMA_Start_IT
 .text.HAL_DMA_IRQHandler
                0x08001022       0xaa build/debug/Drivers/STM32F0xx_HAL_Driver/Src/stm32f0xx_hal_dma.o
                0x08001022                HAL_DMA_IRQHandler
 .text.HAL_GPIO_Init
                0x080010cc      0x198 build/debug/Drivers/STM32F0xx_HAL_Driver/Src/stm32f0xx_hal_gpio.o
                0x080010cc                HAL_GPIO_Init
 .text.HAL_GPIO_ReadPin
                0x08001264        0xe build/debug/Drivers/STM32F0xx_HAL_Driver/Src/stm32f0xx_hal_gpio.o
                0x08001264                HAL_GPIO_ReadPin
 .text.HAL_GPIO_WritePin
                0x08001272        0xc build/debug/Drivers/STM32F0xx_HAL_Driver/Src/stm32f0xx_hal_gpio.o
                0x08001272                HAL_GPIO_WritePin
 .text.HAL_GPIO_TogglePin
                0x0800127e       0x10 build/debug/Drivers/STM32F0xx_HAL_Driver/Src/stm32f0xx_hal_gpio.o
                0x0800127e                HAL_GPIO_TogglePin
 *fill*         0x0800128e        0x2 
 .text.HAL_RCC_OscConfig
                0x08001290      0x544 build/debug/Drivers/STM32F0xx_HAL_Driver/Src/stm32f0xx_hal_rcc.o
                0x08001290                HAL_RCC_OscConfig
 .text.HAL_RCC_GetSysClockFreq
                0x080017d4       0x78 build/debug/Drivers/STM32F0xx_HAL_Driver/Src/stm32f0xx_hal_rcc.o
                0x080017d4                HAL_RCC_GetSysClockFreq
 .text.HAL_RCC_ClockConfig
                0x0800184c      0x144 build/debug/Drivers/STM32F0xx_HAL_Driver/Src/stm32f0xx_hal_rcc.o
                0x0800184c                HAL_RCC_ClockConfig
 .text.TIM_OC1_SetConfig
                0x08001990       0x8c build/debug/Drivers/STM32F0xx_HAL_Driver/Src/stm32f0xx_hal_tim.o
 .text.TIM_OC3_SetConfig
                0x08001a1c       0x8c build/debug/Drivers/STM32F0xx_HAL_Driver/Src/stm32f0xx_hal_tim.o
 .text.TIM_OC4_SetConfig
                0x08001aa8       0x74 build/debug/Drivers/STM32F0xx_HAL_Driver/Src/stm32f0xx_hal_tim.o
 .text.TIM_TI1_ConfigInputStage
                0x08001b1c       0x22 build/debug/Drivers/STM32F0xx_HAL_Driver/Src/stm32f0xx_hal_tim.o
 *fill*         0x08001b3e        0x2 
 .text.TIM_TI2_ConfigInputStage
                0x08001b40       0x28 build/debug/Drivers/STM32F0xx_HAL_Driver/Src/stm32f0xx_hal_tim.o
 .text.TIM_ITRx_SetConfig
                0x08001b68       0x10 build/debug/Drivers/STM32F0xx_HAL_Driver/Src/stm32f0xx_hal_tim.o
 .text.HAL_TIM_PWM_MspInit
                0x08001b78        0x2 build/debug/Drivers/STM32F0xx_HAL_Driver/Src/stm32f0xx_hal_tim.o
                0x08001b78                HAL_TIM_PWM_MspInit
 *fill*         0x08001b7a        0x2 
 .text.TIM_Base_SetConfig
                0x08001b7c       0xb0 build/debug/Drivers/STM32F0xx_HAL_Driver/Src/stm32f0xx_hal_tim.o
                0x08001b7c                TIM_Base_SetConfig
 .text.HAL_TIM_Base_Init
                0x08001c2c       0x58 build/debug/Drivers/STM32F0xx_HAL_Driver/Src/stm32f0xx_hal_tim.o
                0x08001c2c                HAL_TIM_Base_Init
 .text.HAL_TIM_PWM_Init
                0x08001c84       0x58 build/debug/Drivers/STM32F0xx_HAL_Driver/Src/stm32f0xx_hal_tim.o
                0x08001c84                HAL_TIM_PWM_Init
 .text.TIM_OC2_SetConfig
                0x08001cdc       0x84 build/debug/Drivers/STM32F0xx_HAL_Driver/Src/stm32f0xx_hal_tim.o
                0x08001cdc                TIM_OC2_SetConfig
 .text.HAL_TIM_PWM_ConfigChannel
                0x08001d60       0xf0 build/debug/Drivers/STM32F0xx_HAL_Driver/Src/stm32f0xx_hal_tim.o
                0x08001d60                HAL_TIM_PWM_ConfigChannel
 .text.TIM_ETR_SetConfig
                0x08001e50       0x18 build/debug/Drivers/STM32F0xx_HAL_Driver/Src/stm32f0xx_hal_tim.o
                0x08001e50                TIM_ETR_SetConfig
 .text.HAL_TIM_ConfigClockSource
                0x08001e68      0x108 build/debug/Drivers/STM32F0xx_HAL_Driver/Src/stm32f0xx_hal_tim.o
                0x08001e68                HAL_TIM_ConfigClockSource
 .text.TIM_CCxChannelCmd
                0x08001f70       0x1a build/debug/Drivers/STM32F0xx_HAL_Driver/Src/stm32f0xx_hal_tim.o
                0x08001f70                TIM_CCxChannelCmd
 *fill*         0x08001f8a        0x2 
 .text.HAL_TIM_PWM_Start
                0x08001f8c       0xfc build/debug/Drivers/STM32F0xx_HAL_Driver/Src/stm32f0xx_hal_tim.o
                0x08001f8c                HAL_TIM_PWM_Start
 .text.HAL_TIMEx_MasterConfigSynchronization
                0x08002088       0x6c build/debug/Drivers/STM32F0xx_HAL_Driver/Src/stm32f0xx_hal_tim_ex.o
                0x08002088                HAL_TIMEx_MasterConfigSynchronization
 .text.HAL_TIMEx_ConfigBreakDeadTime
                0x080020f4       0x6c build/debug/Drivers/STM32F0xx_HAL_Driver/Src/stm32f0xx_hal_tim_ex.o
                0x080020f4                HAL_TIMEx_ConfigBreakDeadTime
 .text.Reset_Handler
                0x08002160       0x50 build/debug/startup_stm32f072xb.o
                0x08002160                Reset_Handler
 .text.Default_Handler
                0x080021b0        0x2 build/debug/startup_stm32f072xb.o
                0x080021b0                TIM1_CC_IRQHandler
                0x080021b0                TSC_IRQHandler
                0x080021b0                ADC1_COMP_IRQHandler
                0x080021b0                I2C1_IRQHandler
                0x080021b0                RCC_CRS_IRQHandler
                0x080021b0                SPI1_IRQHandler
                0x080021b0                TIM6_DAC_IRQHandler
                0x080021b0                USART3_4_IRQHandler
                0x080021b0                EXTI2_3_IRQHandler
                0x080021b0                I2C2_IRQHandler
                0x080021b0                TIM17_IRQHandler
                0x080021b0                CEC_CAN_IRQHandler
                0x080021b0                RTC_IRQHandler
                0x080021b0                PVD_VDDIO2_IRQHandler
                0x080021b0                DMA1_Channel4_5_6_7_IRQHandler
                0x080021b0                TIM16_IRQHandler
                0x080021b0                TIM3_IRQHandler
                0x080021b0                EXTI4_15_IRQHandler
                0x080021b0                Default_Handler
                0x080021b0                TIM14_IRQHandler
                0x080021b0                TIM7_IRQHandler
                0x080021b0                TIM15_IRQHandler
                0x080021b0                EXTI0_1_IRQHandler
                0x080021b0                USB_IRQHandler
                0x080021b0                SPI2_IRQHandler
                0x080021b0                WWDG_IRQHandler
                0x080021b0                TIM2_IRQHandler
                0x080021b0                DMA1_Channel2_3_IRQHandler
                0x080021b0                USART2_IRQHandler
                0x080021b0                FLASH_IRQHandler
                0x080021b0                USART1_IRQHandler
                0x080021b0                TIM1_BRK_UP_TRG_COM_IRQHandler
 .text.memset   0x080021b2       0x10 c:/Users/kroko/AppData/Roaming/Code/User/globalStorage/bmd.stm32-for-vscode/@xpack-dev-tools/arm-none-eabi-gcc/13.3.1-1.1.1/.content/bin/../lib/gcc/arm-none-eabi/13.3.1/../../../../arm-none-eabi/lib/thumb/v6-m/nofp\libc_nano.a(libc_a-memset.o)
                0x080021b2                memset
 *fill*         0x080021c2        0x2 
 .text.__libc_init_array
                0x080021c4       0x48 c:/Users/kroko/AppData/Roaming/Code/User/globalStorage/bmd.stm32-for-vscode/@xpack-dev-tools/arm-none-eabi-gcc/13.3.1-1.1.1/.content/bin/../lib/gcc/arm-none-eabi/13.3.1/../../../../arm-none-eabi/lib/thumb/v6-m/nofp\libc_nano.a(libc_a-init.o)
                0x080021c4                __libc_init_array
 *(.glue_7)
 .glue_7        0x0800220c        0x0 linker stubs
 *(.glue_7t)
 .glue_7t       0x0800220c        0x0 linker stubs
 *(.eh_frame)
 .eh_frame      0x0800220c        0x0 c:/Users/kroko/AppData/Roaming/Code/User/globalStorage/bmd.stm32-for-vscode/@xpack-dev-tools/arm-none-eabi-gcc/13.3.1-1.1.1/.content/bin/../lib/gcc/arm-none-eabi/13.3.1/thumb/v6-m/nofp/crtbegin.o
 *(.init)
 .init          0x0800220c        0x4 c:/Users/kroko/AppData/Roaming/Code/User/globalStorage/bmd.stm32-for-vscode/@xpack-dev-tools/arm-none-eabi-gcc/13.3.1-1.1.1/.content/bin/../lib/gcc/arm-none-eabi/13.3.1/thumb/v6-m/nofp/crti.o
                0x0800220c                _init
 .init          0x08002210        0x8 c:/Users/kroko/AppData/Roaming/Code/User/globalStorage/bmd.stm32-for-vscode/@xpack-dev-tools/arm-none-eabi-gcc/13.3.1-1.1.1/.content/bin/../lib/gcc/arm-none-eabi/13.3.1/thumb/v6-m/nofp/crtn.o
 *(.fini)
 .fini          0x08002218        0x4 c:/Users/kroko/AppData/Roaming/Code/User/globalStorage/bmd.stm32-for-vscode/@xpack-dev-tools/arm-none-eabi-gcc/13.3.1-1.1.1/.content/bin/../lib/gcc/arm-none-eabi/13.3.1/thumb/v6-m/nofp/crti.o
                0x08002218                _fini
 .fini          0x0800221c        0x8 c:/Users/kroko/AppData/Roaming/Code/User/globalStorage/bmd.stm32-for-vscode/@xpack-dev-tools/arm-none-eabi-gcc/13.3.1-1.1.1/.content/bin/../lib/gcc/arm-none-eabi/13.3.1/thumb/v6-m/nofp/crtn.o
                0x08002224                        . = ALIGN (0x4)
                0x08002224                        _etext = .

.vfp11_veneer   0x08002224        0x0
 .vfp11_veneer  0x08002224        0x0 linker stubs

.v4_bx          0x08002224        0x0
 .v4_bx         0x08002224        0x0 linker stubs

.iplt           0x08002224        0x0
 .iplt          0x08002224        0x0 c:/Users/kroko/AppData/Roaming/Code/User/globalStorage/bmd.stm32-for-vscode/@xpack-dev-tools/arm-none-eabi-gcc/13.3.1-1.1.1/.content/bin/../lib/gcc/arm-none-eabi/13.3.1/thumb/v6-m/nofp/crtbegin.o

.rodata         0x08002224       0x30
                0x08002224                        . = ALIGN (0x4)
 *(.rodata)
 *(.rodata*)
 .rodata.AHBPrescTable
                0x08002224       0x10 build/debug/Core/Src/system_stm32f0xx.o
                0x08002224                AHBPrescTable
 .rodata.aPredivFactorTable.0
                0x08002234       0x10 build/debug/Drivers/STM32F0xx_HAL_Driver/Src/stm32f0xx_hal_rcc.o
 .rodata.aPLLMULFactorTable.1
                0x08002244       0x10 build/debug/Drivers/STM32F0xx_HAL_Driver/Src/stm32f0xx_hal_rcc.o
                0x08002254                        . = ALIGN (0x4)

.rel.dyn        0x08002254        0x0
 .rel.iplt      0x08002254        0x0 c:/Users/kroko/AppData/Roaming/Code/User/globalStorage/bmd.stm32-for-vscode/@xpack-dev-tools/arm-none-eabi-gcc/13.3.1-1.1.1/.content/bin/../lib/gcc/arm-none-eabi/13.3.1/thumb/v6-m/nofp/crtbegin.o

.ARM.extab
 *(.ARM.extab* .gnu.linkonce.armextab.*)

.ARM            0x08002254        0x0
                0x08002254                        __exidx_start = .
 *(.ARM.exidx*)
                0x08002254                        __exidx_end = .

.preinit_array  0x08002254        0x0
                0x08002254                        PROVIDE (__preinit_array_start = .)
 *(.preinit_array*)
                0x08002254                        PROVIDE (__preinit_array_end = .)

.init_array     0x08002254        0x4
                0x08002254                        PROVIDE (__init_array_start = .)
 *(SORT_BY_NAME(.init_array.*))
 *(.init_array*)
 .init_array    0x08002254        0x4 c:/Users/kroko/AppData/Roaming/Code/User/globalStorage/bmd.stm32-for-vscode/@xpack-dev-tools/arm-none-eabi-gcc/13.3.1-1.1.1/.content/bin/../lib/gcc/arm-none-eabi/13.3.1/thumb/v6-m/nofp/crtbegin.o
                0x08002258                        PROVIDE (__init_array_end = .)

.fini_array     0x08002258        0x4
                0x08002258                        PROVIDE (__fini_array_start = .)
 *(SORT_BY_NAME(.fini_array.*))
 *(.fini_array*)
 .fini_array    0x08002258        0x4 c:/Users/kroko/AppData/Roaming/Code/User/globalStorage/bmd.stm32-for-vscode/@xpack-dev-tools/arm-none-eabi-gcc/13.3.1-1.1.1/.content/bin/../lib/gcc/arm-none-eabi/13.3.1/thumb/v6-m/nofp/crtbegin.o
                0x0800225c                        PROVIDE (__fini_array_end = .)
                0x0800225c                        _sidata = LOADADDR (.data)

.data           0x20000000        0xc load address 0x0800225c
                0x20000000                        . = ALIGN (0x4)
                0x20000000                        _sdata = .
 *(.data)
 *(.data*)
 .data.SystemCoreClock
                0x20000000        0x4 build/debug/Core/Src/system_stm32f0xx.o
                0x20000000                SystemCoreClock
 .data.uwTickFreq
                0x20000004        0x1 build/debug/Drivers/STM32F0xx_HAL_Driver/Src/stm32f0xx_hal.o
                0x20000004                uwTickFreq
 *fill*         0x20000005        0x3 
 .data.uwTickPrio
                0x20000008        0x4 build/debug/Drivers/STM32F0xx_HAL_Driver/Src/stm32f0xx_hal.o
                0x20000008                uwTickPrio
                0x2000000c                        . = ALIGN (0x4)
                0x2000000c                        _edata = .

.igot.plt       0x2000000c        0x0 load address 0x08002268
 .igot.plt      0x2000000c        0x0 c:/Users/kroko/AppData/Roaming/Code/User/globalStorage/bmd.stm32-for-vscode/@xpack-dev-tools/arm-none-eabi-gcc/13.3.1-1.1.1/.content/bin/../lib/gcc/arm-none-eabi/13.3.1/thumb/v6-m/nofp/crtbegin.o
                0x2000000c                        . = ALIGN (0x4)

.bss            0x2000000c       0xf8 load address 0x08002268
                0x2000000c                        _sbss = .
                0x2000000c                        __bss_start__ = _sbss
 *(.bss)
 *(.bss*)
 .bss.completed.1
                0x2000000c        0x1 c:/Users/kroko/AppData/Roaming/Code/User/globalStorage/bmd.stm32-for-vscode/@xpack-dev-tools/arm-none-eabi-gcc/13.3.1-1.1.1/.content/bin/../lib/gcc/arm-none-eabi/13.3.1/thumb/v6-m/nofp/crtbegin.o
 *fill*         0x2000000d        0x3 
 .bss.object.0  0x20000010       0x18 c:/Users/kroko/AppData/Roaming/Code/User/globalStorage/bmd.stm32-for-vscode/@xpack-dev-tools/arm-none-eabi-gcc/13.3.1-1.1.1/.content/bin/../lib/gcc/arm-none-eabi/13.3.1/thumb/v6-m/nofp/crtbegin.o
 .bss.halls     0x20000028        0x3 build/debug/Core/Src/main.o
                0x20000028                halls
 *fill*         0x2000002b        0x1 
 .bss.value_adc
                0x2000002c        0x4 build/debug/Core/Src/main.o
                0x2000002c                value_adc
 .bss.duty      0x20000030        0x1 build/debug/Core/Src/main.o
                0x20000030                duty
 *fill*         0x20000031        0x3 
 .bss.htim1     0x20000034       0x48 build/debug/Core/Src/main.o
                0x20000034                htim1
 .bss.hdma_adc  0x2000007c       0x44 build/debug/Core/Src/main.o
                0x2000007c                hdma_adc
 .bss.hadc      0x200000c0       0x40 build/debug/Core/Src/main.o
                0x200000c0                hadc
 .bss.uwTick    0x20000100        0x4 build/debug/Drivers/STM32F0xx_HAL_Driver/Src/stm32f0xx_hal.o
                0x20000100                uwTick
 *(COMMON)
                0x20000104                        . = ALIGN (0x4)
                0x20000104                        _ebss = .
                0x20000104                        __bss_end__ = _ebss

._user_heap_stack
                0x20000104      0x604 load address 0x08002268
                0x20000108                        . = ALIGN (0x8)
 *fill*         0x20000104        0x4 
                [!provide]                        PROVIDE (end = .)
                0x20000108                        PROVIDE (_end = .)
                0x20000308                        . = (. + _Min_Heap_Size)
 *fill*         0x20000108      0x200 
                0x20000708                        . = (. + _Min_Stack_Size)
 *fill*         0x20000308      0x400 
                0x20000708                        . = ALIGN (0x8)

/DISCARD/
 libc.a(*)
 libm.a(*)
 libgcc.a(*)
OUTPUT(build/bldc_driver.elf elf32-littlearm)
LOAD linker stubs
LOAD c:/Users/kroko/AppData/Roaming/Code/User/globalStorage/bmd.stm32-for-vscode/@xpack-dev-tools/arm-none-eabi-gcc/13.3.1-1.1.1/.content/bin/../lib/gcc/arm-none-eabi/13.3.1/../../../../arm-none-eabi/lib/thumb/v6-m/nofp\libc.a
LOAD c:/Users/kroko/AppData/Roaming/Code/User/globalStorage/bmd.stm32-for-vscode/@xpack-dev-tools/arm-none-eabi-gcc/13.3.1-1.1.1/.content/bin/../lib/gcc/arm-none-eabi/13.3.1/../../../../arm-none-eabi/lib/thumb/v6-m/nofp\libm.a
LOAD c:/Users/kroko/AppData/Roaming/Code/User/globalStorage/bmd.stm32-for-vscode/@xpack-dev-tools/arm-none-eabi-gcc/13.3.1-1.1.1/.content/bin/../lib/gcc/arm-none-eabi/13.3.1/thumb/v6-m/nofp\libgcc.a

.ARM.attributes
                0x00000000       0x28
 .ARM.attributes
                0x00000000       0x1e c:/Users/kroko/AppData/Roaming/Code/User/globalStorage/bmd.stm32-for-vscode/@xpack-dev-tools/arm-none-eabi-gcc/13.3.1-1.1.1/.content/bin/../lib/gcc/arm-none-eabi/13.3.1/thumb/v6-m/nofp/crti.o
 .ARM.attributes
                0x0000001e       0x2c c:/Users/kroko/AppData/Roaming/Code/User/globalStorage/bmd.stm32-for-vscode/@xpack-dev-tools/arm-none-eabi-gcc/13.3.1-1.1.1/.content/bin/../lib/gcc/arm-none-eabi/13.3.1/thumb/v6-m/nofp/crtbegin.o
 .ARM.attributes
                0x0000004a       0x2c build/debug/Core/Src/main.o
 .ARM.attributes
                0x00000076       0x2c build/debug/Core/Src/stm32f0xx_hal_msp.o
 .ARM.attributes
                0x000000a2       0x2c build/debug/Core/Src/stm32f0xx_it.o
 .ARM.attributes
                0x000000ce       0x2c build/debug/Core/Src/system_stm32f0xx.o
 .ARM.attributes
                0x000000fa       0x2c build/debug/Drivers/STM32F0xx_HAL_Driver/Src/stm32f0xx_hal.o
 .ARM.attributes
                0x00000126       0x2c build/debug/Drivers/STM32F0xx_HAL_Driver/Src/stm32f0xx_hal_adc.o
 .ARM.attributes
                0x00000152       0x2c build/debug/Drivers/STM32F0xx_HAL_Driver/Src/stm32f0xx_hal_cortex.o
 .ARM.attributes
                0x0000017e       0x2c build/debug/Drivers/STM32F0xx_HAL_Driver/Src/stm32f0xx_hal_dma.o
 .ARM.attributes
                0x000001aa       0x2c build/debug/Drivers/STM32F0xx_HAL_Driver/Src/stm32f0xx_hal_gpio.o
 .ARM.attributes
                0x000001d6       0x2c build/debug/Drivers/STM32F0xx_HAL_Driver/Src/stm32f0xx_hal_rcc.o
 .ARM.attributes
                0x00000202       0x2c build/debug/Drivers/STM32F0xx_HAL_Driver/Src/stm32f0xx_hal_tim.o
 .ARM.attributes
                0x0000022e       0x2c build/debug/Drivers/STM32F0xx_HAL_Driver/Src/stm32f0xx_hal_tim_ex.o
 .ARM.attributes
                0x0000025a       0x21 build/debug/startup_stm32f072xb.o
 .ARM.attributes
                0x0000027b       0x2c c:/Users/kroko/AppData/Roaming/Code/User/globalStorage/bmd.stm32-for-vscode/@xpack-dev-tools/arm-none-eabi-gcc/13.3.1-1.1.1/.content/bin/../lib/gcc/arm-none-eabi/13.3.1/../../../../arm-none-eabi/lib/thumb/v6-m/nofp\libc_nano.a(libc_a-memset.o)
 .ARM.attributes
                0x000002a7       0x2c c:/Users/kroko/AppData/Roaming/Code/User/globalStorage/bmd.stm32-for-vscode/@xpack-dev-tools/arm-none-eabi-gcc/13.3.1-1.1.1/.content/bin/../lib/gcc/arm-none-eabi/13.3.1/../../../../arm-none-eabi/lib/thumb/v6-m/nofp\libc_nano.a(libc_a-init.o)
 .ARM.attributes
                0x000002d3       0x1e c:/Users/kroko/AppData/Roaming/Code/User/globalStorage/bmd.stm32-for-vscode/@xpack-dev-tools/arm-none-eabi-gcc/13.3.1-1.1.1/.content/bin/../lib/gcc/arm-none-eabi/13.3.1/thumb/v6-m/nofp\libgcc.a(_udivsi3.o)
 .ARM.attributes
                0x000002f1       0x1e c:/Users/kroko/AppData/Roaming/Code/User/globalStorage/bmd.stm32-for-vscode/@xpack-dev-tools/arm-none-eabi-gcc/13.3.1-1.1.1/.content/bin/../lib/gcc/arm-none-eabi/13.3.1/thumb/v6-m/nofp\libgcc.a(_dvmd_tls.o)
 .ARM.attributes
                0x0000030f       0x1e c:/Users/kroko/AppData/Roaming/Code/User/globalStorage/bmd.stm32-for-vscode/@xpack-dev-tools/arm-none-eabi-gcc/13.3.1-1.1.1/.content/bin/../lib/gcc/arm-none-eabi/13.3.1/thumb/v6-m/nofp/crtn.o

.comment        0x00000000       0x39
 .comment       0x00000000       0x39 c:/Users/kroko/AppData/Roaming/Code/User/globalStorage/bmd.stm32-for-vscode/@xpack-dev-tools/arm-none-eabi-gcc/13.3.1-1.1.1/.content/bin/../lib/gcc/arm-none-eabi/13.3.1/thumb/v6-m/nofp/crtbegin.o
                                 0x3a (size before relaxing)
 .comment       0x00000039       0x3a build/debug/Core/Src/main.o
 .comment       0x00000039       0x3a build/debug/Core/Src/stm32f0xx_hal_msp.o
 .comment       0x00000039       0x3a build/debug/Core/Src/stm32f0xx_it.o
 .comment       0x00000039       0x3a build/debug/Core/Src/system_stm32f0xx.o
 .comment       0x00000039       0x3a build/debug/Drivers/STM32F0xx_HAL_Driver/Src/stm32f0xx_hal.o
 .comment       0x00000039       0x3a build/debug/Drivers/STM32F0xx_HAL_Driver/Src/stm32f0xx_hal_adc.o
 .comment       0x00000039       0x3a build/debug/Drivers/STM32F0xx_HAL_Driver/Src/stm32f0xx_hal_cortex.o
 .comment       0x00000039       0x3a build/debug/Drivers/STM32F0xx_HAL_Driver/Src/stm32f0xx_hal_dma.o
 .comment       0x00000039       0x3a build/debug/Drivers/STM32F0xx_HAL_Driver/Src/stm32f0xx_hal_gpio.o
 .comment       0x00000039       0x3a build/debug/Drivers/STM32F0xx_HAL_Driver/Src/stm32f0xx_hal_rcc.o
 .comment       0x00000039       0x3a build/debug/Drivers/STM32F0xx_HAL_Driver/Src/stm32f0xx_hal_tim.o
 .comment       0x00000039       0x3a build/debug/Drivers/STM32F0xx_HAL_Driver/Src/stm32f0xx_hal_tim_ex.o
 .comment       0x00000039       0x3a c:/Users/kroko/AppData/Roaming/Code/User/globalStorage/bmd.stm32-for-vscode/@xpack-dev-tools/arm-none-eabi-gcc/13.3.1-1.1.1/.content/bin/../lib/gcc/arm-none-eabi/13.3.1/../../../../arm-none-eabi/lib/thumb/v6-m/nofp\libc_nano.a(libc_a-memset.o)
 .comment       0x00000039       0x3a c:/Users/kroko/AppData/Roaming/Code/User/globalStorage/bmd.stm32-for-vscode/@xpack-dev-tools/arm-none-eabi-gcc/13.3.1-1.1.1/.content/bin/../lib/gcc/arm-none-eabi/13.3.1/../../../../arm-none-eabi/lib/thumb/v6-m/nofp\libc_nano.a(libc_a-init.o)

.debug_info     0x00000000     0xb9ea
 .debug_info    0x00000000     0x19b1 build/debug/Core/Src/main.o
 .debug_info    0x000019b1      0xcdc build/debug/Core/Src/stm32f0xx_hal_msp.o
 .debug_info    0x0000268d      0x336 build/debug/Core/Src/stm32f0xx_it.o
 .debug_info    0x000029c3      0x276 build/debug/Core/Src/system_stm32f0xx.o
 .debug_info    0x00002c39      0x76c build/debug/Drivers/STM32F0xx_HAL_Driver/Src/stm32f0xx_hal.o
 .debug_info    0x000033a5      0xf50 build/debug/Drivers/STM32F0xx_HAL_Driver/Src/stm32f0xx_hal_adc.o
 .debug_info    0x000042f5      0x805 build/debug/Drivers/STM32F0xx_HAL_Driver/Src/stm32f0xx_hal_cortex.o
 .debug_info    0x00004afa      0x844 build/debug/Drivers/STM32F0xx_HAL_Driver/Src/stm32f0xx_hal_dma.o
 .debug_info    0x0000533e      0x5de build/debug/Drivers/STM32F0xx_HAL_Driver/Src/stm32f0xx_hal_gpio.o
 .debug_info    0x0000591c      0xa6b build/debug/Drivers/STM32F0xx_HAL_Driver/Src/stm32f0xx_hal_rcc.o
 .debug_info    0x00006387     0x3bae build/debug/Drivers/STM32F0xx_HAL_Driver/Src/stm32f0xx_hal_tim.o
 .debug_info    0x00009f35     0x1a0b build/debug/Drivers/STM32F0xx_HAL_Driver/Src/stm32f0xx_hal_tim_ex.o
 .debug_info    0x0000b940       0x30 build/debug/startup_stm32f072xb.o
 .debug_info    0x0000b970       0x3e c:/Users/kroko/AppData/Roaming/Code/User/globalStorage/bmd.stm32-for-vscode/@xpack-dev-tools/arm-none-eabi-gcc/13.3.1-1.1.1/.content/bin/../lib/gcc/arm-none-eabi/13.3.1/thumb/v6-m/nofp\libgcc.a(_udivsi3.o)
 .debug_info    0x0000b9ae       0x3c c:/Users/kroko/AppData/Roaming/Code/User/globalStorage/bmd.stm32-for-vscode/@xpack-dev-tools/arm-none-eabi-gcc/13.3.1-1.1.1/.content/bin/../lib/gcc/arm-none-eabi/13.3.1/thumb/v6-m/nofp\libgcc.a(_dvmd_tls.o)

.debug_abbrev   0x00000000     0x1b7d
 .debug_abbrev  0x00000000      0x300 build/debug/Core/Src/main.o
 .debug_abbrev  0x00000300      0x228 build/debug/Core/Src/stm32f0xx_hal_msp.o
 .debug_abbrev  0x00000528      0x177 build/debug/Core/Src/stm32f0xx_it.o
 .debug_abbrev  0x0000069f      0x136 build/debug/Core/Src/system_stm32f0xx.o
 .debug_abbrev  0x000007d5      0x231 build/debug/Drivers/STM32F0xx_HAL_Driver/Src/stm32f0xx_hal.o
 .debug_abbrev  0x00000a06      0x278 build/debug/Drivers/STM32F0xx_HAL_Driver/Src/stm32f0xx_hal_adc.o
 .debug_abbrev  0x00000c7e      0x2ec build/debug/Drivers/STM32F0xx_HAL_Driver/Src/stm32f0xx_hal_cortex.o
 .debug_abbrev  0x00000f6a      0x22b build/debug/Drivers/STM32F0xx_HAL_Driver/Src/stm32f0xx_hal_dma.o
 .debug_abbrev  0x00001195      0x1f9 build/debug/Drivers/STM32F0xx_HAL_Driver/Src/stm32f0xx_hal_gpio.o
 .debug_abbrev  0x0000138e      0x29d build/debug/Drivers/STM32F0xx_HAL_Driver/Src/stm32f0xx_hal_rcc.o
 .debug_abbrev  0x0000162b      0x271 build/debug/Drivers/STM32F0xx_HAL_Driver/Src/stm32f0xx_hal_tim.o
 .debug_abbrev  0x0000189c      0x26f build/debug/Drivers/STM32F0xx_HAL_Driver/Src/stm32f0xx_hal_tim_ex.o
 .debug_abbrev  0x00001b0b       0x24 build/debug/startup_stm32f072xb.o
 .debug_abbrev  0x00001b2f       0x28 c:/Users/kroko/AppData/Roaming/Code/User/globalStorage/bmd.stm32-for-vscode/@xpack-dev-tools/arm-none-eabi-gcc/13.3.1-1.1.1/.content/bin/../lib/gcc/arm-none-eabi/13.3.1/thumb/v6-m/nofp\libgcc.a(_udivsi3.o)
 .debug_abbrev  0x00001b57       0x26 c:/Users/kroko/AppData/Roaming/Code/User/globalStorage/bmd.stm32-for-vscode/@xpack-dev-tools/arm-none-eabi-gcc/13.3.1-1.1.1/.content/bin/../lib/gcc/arm-none-eabi/13.3.1/thumb/v6-m/nofp\libgcc.a(_dvmd_tls.o)

.debug_loclists
                0x00000000     0x72d9
 .debug_loclists
                0x00000000       0xa7 build/debug/Core/Src/main.o
 .debug_loclists
                0x000000a7       0x95 build/debug/Core/Src/stm32f0xx_hal_msp.o
 .debug_loclists
                0x0000013c      0x105 build/debug/Core/Src/system_stm32f0xx.o
 .debug_loclists
                0x00000241       0xe1 build/debug/Drivers/STM32F0xx_HAL_Driver/Src/stm32f0xx_hal.o
 .debug_loclists
                0x00000322      0x9c7 build/debug/Drivers/STM32F0xx_HAL_Driver/Src/stm32f0xx_hal_adc.o
 .debug_loclists
                0x00000ce9      0x208 build/debug/Drivers/STM32F0xx_HAL_Driver/Src/stm32f0xx_hal_cortex.o
 .debug_loclists
                0x00000ef1      0x642 build/debug/Drivers/STM32F0xx_HAL_Driver/Src/stm32f0xx_hal_dma.o
 .debug_loclists
                0x00001533      0x28d build/debug/Drivers/STM32F0xx_HAL_Driver/Src/stm32f0xx_hal_gpio.o
 .debug_loclists
                0x000017c0      0x48c build/debug/Drivers/STM32F0xx_HAL_Driver/Src/stm32f0xx_hal_rcc.o
 .debug_loclists
                0x00001c4c     0x3e13 build/debug/Drivers/STM32F0xx_HAL_Driver/Src/stm32f0xx_hal_tim.o
 .debug_loclists
                0x00005a5f     0x187a build/debug/Drivers/STM32F0xx_HAL_Driver/Src/stm32f0xx_hal_tim_ex.o

.debug_aranges  0x00000000      0xa70
 .debug_aranges
                0x00000000       0x58 build/debug/Core/Src/main.o
 .debug_aranges
                0x00000058       0x48 build/debug/Core/Src/stm32f0xx_hal_msp.o
 .debug_aranges
                0x000000a0       0x48 build/debug/Core/Src/stm32f0xx_it.o
 .debug_aranges
                0x000000e8       0x28 build/debug/Core/Src/system_stm32f0xx.o
 .debug_aranges
                0x00000110       0xd0 build/debug/Drivers/STM32F0xx_HAL_Driver/Src/stm32f0xx_hal.o
 .debug_aranges
                0x000001e0       0xf8 build/debug/Drivers/STM32F0xx_HAL_Driver/Src/stm32f0xx_hal_adc.o
 .debug_aranges
                0x000002d8       0x98 build/debug/Drivers/STM32F0xx_HAL_Driver/Src/stm32f0xx_hal_cortex.o
 .debug_aranges
                0x00000370       0x88 build/debug/Drivers/STM32F0xx_HAL_Driver/Src/stm32f0xx_hal_dma.o
 .debug_aranges
                0x000003f8       0x58 build/debug/Drivers/STM32F0xx_HAL_Driver/Src/stm32f0xx_hal_gpio.o
 .debug_aranges
                0x00000450       0x80 build/debug/Drivers/STM32F0xx_HAL_Driver/Src/stm32f0xx_hal_rcc.o
 .debug_aranges
                0x000004d0      0x3d0 build/debug/Drivers/STM32F0xx_HAL_Driver/Src/stm32f0xx_hal_tim.o
 .debug_aranges
                0x000008a0      0x168 build/debug/Drivers/STM32F0xx_HAL_Driver/Src/stm32f0xx_hal_tim_ex.o
 .debug_aranges
                0x00000a08       0x28 build/debug/startup_stm32f072xb.o
 .debug_aranges
                0x00000a30       0x20 c:/Users/kroko/AppData/Roaming/Code/User/globalStorage/bmd.stm32-for-vscode/@xpack-dev-tools/arm-none-eabi-gcc/13.3.1-1.1.1/.content/bin/../lib/gcc/arm-none-eabi/13.3.1/thumb/v6-m/nofp\libgcc.a(_udivsi3.o)
 .debug_aranges
                0x00000a50       0x20 c:/Users/kroko/AppData/Roaming/Code/User/globalStorage/bmd.stm32-for-vscode/@xpack-dev-tools/arm-none-eabi-gcc/13.3.1-1.1.1/.content/bin/../lib/gcc/arm-none-eabi/13.3.1/thumb/v6-m/nofp\libgcc.a(_dvmd_tls.o)

.debug_rnglists
                0x00000000      0x7d7
 .debug_rnglists
                0x00000000       0x41 build/debug/Core/Src/main.o
 .debug_rnglists
                0x00000041       0x32 build/debug/Core/Src/stm32f0xx_hal_msp.o
 .debug_rnglists
                0x00000073       0x31 build/debug/Core/Src/stm32f0xx_it.o
 .debug_rnglists
                0x000000a4       0x1a build/debug/Core/Src/system_stm32f0xx.o
 .debug_rnglists
                0x000000be       0x97 build/debug/Drivers/STM32F0xx_HAL_Driver/Src/stm32f0xx_hal.o
 .debug_rnglists
                0x00000155       0xc1 build/debug/Drivers/STM32F0xx_HAL_Driver/Src/stm32f0xx_hal_adc.o
 .debug_rnglists
                0x00000216       0x79 build/debug/Drivers/STM32F0xx_HAL_Driver/Src/stm32f0xx_hal_cortex.o
 .debug_rnglists
                0x0000028f       0x63 build/debug/Drivers/STM32F0xx_HAL_Driver/Src/stm32f0xx_hal_dma.o
 .debug_rnglists
                0x000002f2       0x3f build/debug/Drivers/STM32F0xx_HAL_Driver/Src/stm32f0xx_hal_gpio.o
 .debug_rnglists
                0x00000331       0x6e build/debug/Drivers/STM32F0xx_HAL_Driver/Src/stm32f0xx_hal_rcc.o
 .debug_rnglists
                0x0000039f      0x305 build/debug/Drivers/STM32F0xx_HAL_Driver/Src/stm32f0xx_hal_tim.o
 .debug_rnglists
                0x000006a4      0x11a build/debug/Drivers/STM32F0xx_HAL_Driver/Src/stm32f0xx_hal_tim_ex.o
 .debug_rnglists
                0x000007be       0x19 build/debug/startup_stm32f072xb.o

.debug_line     0x00000000     0xb48a
 .debug_line    0x00000000      0x88a build/debug/Core/Src/main.o
 .debug_line    0x0000088a      0x464 build/debug/Core/Src/stm32f0xx_hal_msp.o
 .debug_line    0x00000cee      0x2c4 build/debug/Core/Src/stm32f0xx_it.o
 .debug_line    0x00000fb2      0x2d3 build/debug/Core/Src/system_stm32f0xx.o
 .debug_line    0x00001285      0x5b1 build/debug/Drivers/STM32F0xx_HAL_Driver/Src/stm32f0xx_hal.o
 .debug_line    0x00001836     0x107b build/debug/Drivers/STM32F0xx_HAL_Driver/Src/stm32f0xx_hal_adc.o
 .debug_line    0x000028b1      0x5c2 build/debug/Drivers/STM32F0xx_HAL_Driver/Src/stm32f0xx_hal_cortex.o
 .debug_line    0x00002e73      0xade build/debug/Drivers/STM32F0xx_HAL_Driver/Src/stm32f0xx_hal_dma.o
 .debug_line    0x00003951      0x74b build/debug/Drivers/STM32F0xx_HAL_Driver/Src/stm32f0xx_hal_gpio.o
 .debug_line    0x0000409c      0xdc6 build/debug/Drivers/STM32F0xx_HAL_Driver/Src/stm32f0xx_hal_rcc.o
 .debug_line    0x00004e62     0x49e3 build/debug/Drivers/STM32F0xx_HAL_Driver/Src/stm32f0xx_hal_tim.o
 .debug_line    0x00009845     0x1b2e build/debug/Drivers/STM32F0xx_HAL_Driver/Src/stm32f0xx_hal_tim_ex.o
 .debug_line    0x0000b373       0x77 build/debug/startup_stm32f072xb.o
 .debug_line    0x0000b3ea       0x56 c:/Users/kroko/AppData/Roaming/Code/User/globalStorage/bmd.stm32-for-vscode/@xpack-dev-tools/arm-none-eabi-gcc/13.3.1-1.1.1/.content/bin/../lib/gcc/arm-none-eabi/13.3.1/thumb/v6-m/nofp\libgcc.a(_udivsi3.o)
 .debug_line    0x0000b440       0x4a c:/Users/kroko/AppData/Roaming/Code/User/globalStorage/bmd.stm32-for-vscode/@xpack-dev-tools/arm-none-eabi-gcc/13.3.1-1.1.1/.content/bin/../lib/gcc/arm-none-eabi/13.3.1/thumb/v6-m/nofp\libgcc.a(_dvmd_tls.o)

.debug_str      0x00000000     0x3175
 .debug_str     0x00000000     0x3175 build/debug/Core/Src/main.o
                               0x1047 (size before relaxing)
 .debug_str     0x00003175      0x9c5 build/debug/Core/Src/stm32f0xx_hal_msp.o
 .debug_str     0x00003175      0x3d8 build/debug/Core/Src/stm32f0xx_it.o
 .debug_str     0x00003175      0x25a build/debug/Core/Src/system_stm32f0xx.o
 .debug_str     0x00003175      0x6f2 build/debug/Drivers/STM32F0xx_HAL_Driver/Src/stm32f0xx_hal.o
 .debug_str     0x00003175      0x8db build/debug/Drivers/STM32F0xx_HAL_Driver/Src/stm32f0xx_hal_adc.o
 .debug_str     0x00003175      0x633 build/debug/Drivers/STM32F0xx_HAL_Driver/Src/stm32f0xx_hal_cortex.o
 .debug_str     0x00003175      0x600 build/debug/Drivers/STM32F0xx_HAL_Driver/Src/stm32f0xx_hal_dma.o
 .debug_str     0x00003175      0x3dd build/debug/Drivers/STM32F0xx_HAL_Driver/Src/stm32f0xx_hal_gpio.o
 .debug_str     0x00003175      0x649 build/debug/Drivers/STM32F0xx_HAL_Driver/Src/stm32f0xx_hal_rcc.o
 .debug_str     0x00003175     0x1662 build/debug/Drivers/STM32F0xx_HAL_Driver/Src/stm32f0xx_hal_tim.o
 .debug_str     0x00003175      0xe6e build/debug/Drivers/STM32F0xx_HAL_Driver/Src/stm32f0xx_hal_tim_ex.o
 .debug_str     0x00003175       0x63 build/debug/startup_stm32f072xb.o
 .debug_str     0x00003175      0x155 c:/Users/kroko/AppData/Roaming/Code/User/globalStorage/bmd.stm32-for-vscode/@xpack-dev-tools/arm-none-eabi-gcc/13.3.1-1.1.1/.content/bin/../lib/gcc/arm-none-eabi/13.3.1/thumb/v6-m/nofp\libgcc.a(_udivsi3.o)
 .debug_str     0x00003175      0x156 c:/Users/kroko/AppData/Roaming/Code/User/globalStorage/bmd.stm32-for-vscode/@xpack-dev-tools/arm-none-eabi-gcc/13.3.1-1.1.1/.content/bin/../lib/gcc/arm-none-eabi/13.3.1/thumb/v6-m/nofp\libgcc.a(_dvmd_tls.o)

.debug_frame    0x00000000     0x1a40
 .debug_frame   0x00000000       0xd8 build/debug/Core/Src/main.o
 .debug_frame   0x000000d8       0x98 build/debug/Core/Src/stm32f0xx_hal_msp.o
 .debug_frame   0x00000170       0x80 build/debug/Core/Src/stm32f0xx_it.o
 .debug_frame   0x000001f0       0x38 build/debug/Core/Src/system_stm32f0xx.o
 .debug_frame   0x00000228      0x1ac build/debug/Drivers/STM32F0xx_HAL_Driver/Src/stm32f0xx_hal.o
 .debug_frame   0x000003d4      0x2a4 build/debug/Drivers/STM32F0xx_HAL_Driver/Src/stm32f0xx_hal_adc.o
 .debug_frame   0x00000678      0x144 build/debug/Drivers/STM32F0xx_HAL_Driver/Src/stm32f0xx_hal_cortex.o
 .debug_frame   0x000007bc      0x168 build/debug/Drivers/STM32F0xx_HAL_Driver/Src/stm32f0xx_hal_dma.o
 .debug_frame   0x00000924       0xc0 build/debug/Drivers/STM32F0xx_HAL_Driver/Src/stm32f0xx_hal_gpio.o
 .debug_frame   0x000009e4      0x138 build/debug/Drivers/STM32F0xx_HAL_Driver/Src/stm32f0xx_hal_rcc.o
 .debug_frame   0x00000b1c      0xae4 build/debug/Drivers/STM32F0xx_HAL_Driver/Src/stm32f0xx_hal_tim.o
 .debug_frame   0x00001600      0x420 build/debug/Drivers/STM32F0xx_HAL_Driver/Src/stm32f0xx_hal_tim_ex.o
 .debug_frame   0x00001a20       0x20 c:/Users/kroko/AppData/Roaming/Code/User/globalStorage/bmd.stm32-for-vscode/@xpack-dev-tools/arm-none-eabi-gcc/13.3.1-1.1.1/.content/bin/../lib/gcc/arm-none-eabi/13.3.1/thumb/v6-m/nofp\libgcc.a(_udivsi3.o)

.debug_line_str
                0x00000000      0x173
 .debug_line_str
                0x00000000      0x173 build/debug/startup_stm32f072xb.o
                                 0x47 (size before relaxing)
 .debug_line_str
                0x00000173      0x12c c:/Users/kroko/AppData/Roaming/Code/User/globalStorage/bmd.stm32-for-vscode/@xpack-dev-tools/arm-none-eabi-gcc/13.3.1-1.1.1/.content/bin/../lib/gcc/arm-none-eabi/13.3.1/thumb/v6-m/nofp\libgcc.a(_udivsi3.o)
 .debug_line_str
                0x00000173      0x12c c:/Users/kroko/AppData/Roaming/Code/User/globalStorage/bmd.stm32-for-vscode/@xpack-dev-tools/arm-none-eabi-gcc/13.3.1-1.1.1/.content/bin/../lib/gcc/arm-none-eabi/13.3.1/thumb/v6-m/nofp\libgcc.a(_dvmd_tls.o)

Cross Reference Table

Symbol                                            File
ADC1_COMP_IRQHandler                              build/debug/startup_stm32f072xb.o
AHBPrescTable                                     build/debug/Core/Src/system_stm32f0xx.o
                                                  build/debug/Drivers/STM32F0xx_HAL_Driver/Src/stm32f0xx_hal_rcc.o
APBPrescTable                                     build/debug/Core/Src/system_stm32f0xx.o
                                                  build/debug/Drivers/STM32F0xx_HAL_Driver/Src/stm32f0xx_hal_rcc.o
CEC_CAN_IRQHandler                                build/debug/startup_stm32f072xb.o
DMA1_Channel1_IRQHandler                          build/debug/Core/Src/stm32f0xx_it.o
DMA1_Channel2_3_IRQHandler                        build/debug/startup_stm32f072xb.o
DMA1_Channel4_5_6_7_IRQHandler                    build/debug/startup_stm32f072xb.o
Default_Handler                                   build/debug/startup_stm32f072xb.o
EXTI0_1_IRQHandler                                build/debug/startup_stm32f072xb.o
EXTI2_3_IRQHandler                                build/debug/startup_stm32f072xb.o
EXTI4_15_IRQHandler                               build/debug/startup_stm32f072xb.o
Error_Handler                                     build/debug/Core/Src/main.o
                                                  build/debug/Core/Src/stm32f0xx_hal_msp.o
FLASH_IRQHandler                                  build/debug/startup_stm32f072xb.o
FLASH_PageErase                                   build/debug/Drivers/STM32F0xx_HAL_Driver/Src/stm32f0xx_hal_flash_ex.o
                                                  build/debug/Drivers/STM32F0xx_HAL_Driver/Src/stm32f0xx_hal_flash.o
FLASH_WaitForLastOperation                        build/debug/Drivers/STM32F0xx_HAL_Driver/Src/stm32f0xx_hal_flash.o
                                                  build/debug/Drivers/STM32F0xx_HAL_Driver/Src/stm32f0xx_hal_flash_ex.o
HAL_ADCEx_Calibration_Start                       build/debug/Drivers/STM32F0xx_HAL_Driver/Src/stm32f0xx_hal_adc_ex.o
HAL_ADC_AnalogWDGConfig                           build/debug/Drivers/STM32F0xx_HAL_Driver/Src/stm32f0xx_hal_adc.o
HAL_ADC_ConfigChannel                             build/debug/Drivers/STM32F0xx_HAL_Driver/Src/stm32f0xx_hal_adc.o
                                                  build/debug/Core/Src/main.o
HAL_ADC_ConvCpltCallback                          build/debug/Drivers/STM32F0xx_HAL_Driver/Src/stm32f0xx_hal_adc.o
HAL_ADC_ConvHalfCpltCallback                      build/debug/Drivers/STM32F0xx_HAL_Driver/Src/stm32f0xx_hal_adc.o
HAL_ADC_DeInit                                    build/debug/Drivers/STM32F0xx_HAL_Driver/Src/stm32f0xx_hal_adc.o
HAL_ADC_ErrorCallback                             build/debug/Drivers/STM32F0xx_HAL_Driver/Src/stm32f0xx_hal_adc.o
HAL_ADC_GetError                                  build/debug/Drivers/STM32F0xx_HAL_Driver/Src/stm32f0xx_hal_adc.o
HAL_ADC_GetState                                  build/debug/Drivers/STM32F0xx_HAL_Driver/Src/stm32f0xx_hal_adc.o
HAL_ADC_GetValue                                  build/debug/Drivers/STM32F0xx_HAL_Driver/Src/stm32f0xx_hal_adc.o
HAL_ADC_IRQHandler                                build/debug/Drivers/STM32F0xx_HAL_Driver/Src/stm32f0xx_hal_adc.o
HAL_ADC_Init                                      build/debug/Drivers/STM32F0xx_HAL_Driver/Src/stm32f0xx_hal_adc.o
                                                  build/debug/Core/Src/main.o
HAL_ADC_LevelOutOfWindowCallback                  build/debug/Drivers/STM32F0xx_HAL_Driver/Src/stm32f0xx_hal_adc.o
HAL_ADC_MspDeInit                                 build/debug/Core/Src/stm32f0xx_hal_msp.o
HAL_ADC_MspInit                                   build/debug/Core/Src/stm32f0xx_hal_msp.o
HAL_ADC_PollForConversion                         build/debug/Drivers/STM32F0xx_HAL_Driver/Src/stm32f0xx_hal_adc.o
HAL_ADC_PollForEvent                              build/debug/Drivers/STM32F0xx_HAL_Driver/Src/stm32f0xx_hal_adc.o
HAL_ADC_Start                                     build/debug/Drivers/STM32F0xx_HAL_Driver/Src/stm32f0xx_hal_adc.o
                                                  build/debug/Core/Src/main.o
HAL_ADC_Start_DMA                                 build/debug/Drivers/STM32F0xx_HAL_Driver/Src/stm32f0xx_hal_adc.o
                                                  build/debug/Core/Src/main.o
HAL_ADC_Start_IT                                  build/debug/Drivers/STM32F0xx_HAL_Driver/Src/stm32f0xx_hal_adc.o
HAL_ADC_Stop                                      build/debug/Drivers/STM32F0xx_HAL_Driver/Src/stm32f0xx_hal_adc.o
HAL_ADC_Stop_DMA                                  build/debug/Drivers/STM32F0xx_HAL_Driver/Src/stm32f0xx_hal_adc.o
HAL_ADC_Stop_IT                                   build/debug/Drivers/STM32F0xx_HAL_Driver/Src/stm32f0xx_hal_adc.o
HAL_DBGMCU_DisableDBGStandbyMode                  build/debug/Drivers/STM32F0xx_HAL_Driver/Src/stm32f0xx_hal.o
HAL_DBGMCU_DisableDBGStopMode                     build/debug/Drivers/STM32F0xx_HAL_Driver/Src/stm32f0xx_hal.o
HAL_DBGMCU_EnableDBGStandbyMode                   build/debug/Drivers/STM32F0xx_HAL_Driver/Src/stm32f0xx_hal.o
HAL_DBGMCU_EnableDBGStopMode                      build/debug/Drivers/STM32F0xx_HAL_Driver/Src/stm32f0xx_hal.o
HAL_DMA_Abort                                     build/debug/Drivers/STM32F0xx_HAL_Driver/Src/stm32f0xx_hal_dma.o
                                                  build/debug/Drivers/STM32F0xx_HAL_Driver/Src/stm32f0xx_hal_adc.o
HAL_DMA_Abort_IT                                  build/debug/Drivers/STM32F0xx_HAL_Driver/Src/stm32f0xx_hal_dma.o
                                                  build/debug/Drivers/STM32F0xx_HAL_Driver/Src/stm32f0xx_hal_tim_ex.o
                                                  build/debug/Drivers/STM32F0xx_HAL_Driver/Src/stm32f0xx_hal_tim.o
                                                  build/debug/Drivers/STM32F0xx_HAL_Driver/Src/stm32f0xx_hal_i2c.o
HAL_DMA_DeInit                                    build/debug/Drivers/STM32F0xx_HAL_Driver/Src/stm32f0xx_hal_dma.o
                                                  build/debug/Core/Src/stm32f0xx_hal_msp.o
HAL_DMA_GetError                                  build/debug/Drivers/STM32F0xx_HAL_Driver/Src/stm32f0xx_hal_dma.o
HAL_DMA_GetState                                  build/debug/Drivers/STM32F0xx_HAL_Driver/Src/stm32f0xx_hal_dma.o
                                                  build/debug/Drivers/STM32F0xx_HAL_Driver/Src/stm32f0xx_hal_i2c.o
HAL_DMA_IRQHandler                                build/debug/Drivers/STM32F0xx_HAL_Driver/Src/stm32f0xx_hal_dma.o
                                                  build/debug/Core/Src/stm32f0xx_it.o
HAL_DMA_Init                                      build/debug/Drivers/STM32F0xx_HAL_Driver/Src/stm32f0xx_hal_dma.o
                                                  build/debug/Core/Src/stm32f0xx_hal_msp.o
HAL_DMA_PollForTransfer                           build/debug/Drivers/STM32F0xx_HAL_Driver/Src/stm32f0xx_hal_dma.o
HAL_DMA_RegisterCallback                          build/debug/Drivers/STM32F0xx_HAL_Driver/Src/stm32f0xx_hal_dma.o
HAL_DMA_Start                                     build/debug/Drivers/STM32F0xx_HAL_Driver/Src/stm32f0xx_hal_dma.o
HAL_DMA_Start_IT                                  build/debug/Drivers/STM32F0xx_HAL_Driver/Src/stm32f0xx_hal_dma.o
                                                  build/debug/Drivers/STM32F0xx_HAL_Driver/Src/stm32f0xx_hal_tim_ex.o
                                                  build/debug/Drivers/STM32F0xx_HAL_Driver/Src/stm32f0xx_hal_tim.o
                                                  build/debug/Drivers/STM32F0xx_HAL_Driver/Src/stm32f0xx_hal_i2c.o
                                                  build/debug/Drivers/STM32F0xx_HAL_Driver/Src/stm32f0xx_hal_adc.o
HAL_DMA_UnRegisterCallback                        build/debug/Drivers/STM32F0xx_HAL_Driver/Src/stm32f0xx_hal_dma.o
HAL_DeInit                                        build/debug/Drivers/STM32F0xx_HAL_Driver/Src/stm32f0xx_hal.o
HAL_Delay                                         build/debug/Drivers/STM32F0xx_HAL_Driver/Src/stm32f0xx_hal.o
                                                  build/debug/Core/Src/main.o
HAL_EXTI_ClearConfigLine                          build/debug/Drivers/STM32F0xx_HAL_Driver/Src/stm32f0xx_hal_exti.o
HAL_EXTI_ClearPending                             build/debug/Drivers/STM32F0xx_HAL_Driver/Src/stm32f0xx_hal_exti.o
HAL_EXTI_GenerateSWI                              build/debug/Drivers/STM32F0xx_HAL_Driver/Src/stm32f0xx_hal_exti.o
HAL_EXTI_GetConfigLine                            build/debug/Drivers/STM32F0xx_HAL_Driver/Src/stm32f0xx_hal_exti.o
HAL_EXTI_GetHandle                                build/debug/Drivers/STM32F0xx_HAL_Driver/Src/stm32f0xx_hal_exti.o
HAL_EXTI_GetPending                               build/debug/Drivers/STM32F0xx_HAL_Driver/Src/stm32f0xx_hal_exti.o
HAL_EXTI_IRQHandler                               build/debug/Drivers/STM32F0xx_HAL_Driver/Src/stm32f0xx_hal_exti.o
HAL_EXTI_RegisterCallback                         build/debug/Drivers/STM32F0xx_HAL_Driver/Src/stm32f0xx_hal_exti.o
HAL_EXTI_SetConfigLine                            build/debug/Drivers/STM32F0xx_HAL_Driver/Src/stm32f0xx_hal_exti.o
HAL_FLASHEx_Erase                                 build/debug/Drivers/STM32F0xx_HAL_Driver/Src/stm32f0xx_hal_flash_ex.o
HAL_FLASHEx_Erase_IT                              build/debug/Drivers/STM32F0xx_HAL_Driver/Src/stm32f0xx_hal_flash_ex.o
HAL_FLASHEx_OBErase                               build/debug/Drivers/STM32F0xx_HAL_Driver/Src/stm32f0xx_hal_flash_ex.o
HAL_FLASHEx_OBGetConfig                           build/debug/Drivers/STM32F0xx_HAL_Driver/Src/stm32f0xx_hal_flash_ex.o
HAL_FLASHEx_OBGetUserData                         build/debug/Drivers/STM32F0xx_HAL_Driver/Src/stm32f0xx_hal_flash_ex.o
HAL_FLASHEx_OBProgram                             build/debug/Drivers/STM32F0xx_HAL_Driver/Src/stm32f0xx_hal_flash_ex.o
HAL_FLASH_EndOfOperationCallback                  build/debug/Drivers/STM32F0xx_HAL_Driver/Src/stm32f0xx_hal_flash.o
HAL_FLASH_GetError                                build/debug/Drivers/STM32F0xx_HAL_Driver/Src/stm32f0xx_hal_flash.o
HAL_FLASH_IRQHandler                              build/debug/Drivers/STM32F0xx_HAL_Driver/Src/stm32f0xx_hal_flash.o
HAL_FLASH_Lock                                    build/debug/Drivers/STM32F0xx_HAL_Driver/Src/stm32f0xx_hal_flash.o
HAL_FLASH_OB_Launch                               build/debug/Drivers/STM32F0xx_HAL_Driver/Src/stm32f0xx_hal_flash.o
HAL_FLASH_OB_Lock                                 build/debug/Drivers/STM32F0xx_HAL_Driver/Src/stm32f0xx_hal_flash.o
HAL_FLASH_OB_Unlock                               build/debug/Drivers/STM32F0xx_HAL_Driver/Src/stm32f0xx_hal_flash.o
HAL_FLASH_OperationErrorCallback                  build/debug/Drivers/STM32F0xx_HAL_Driver/Src/stm32f0xx_hal_flash.o
HAL_FLASH_Program                                 build/debug/Drivers/STM32F0xx_HAL_Driver/Src/stm32f0xx_hal_flash.o
HAL_FLASH_Program_IT                              build/debug/Drivers/STM32F0xx_HAL_Driver/Src/stm32f0xx_hal_flash.o
HAL_FLASH_Unlock                                  build/debug/Drivers/STM32F0xx_HAL_Driver/Src/stm32f0xx_hal_flash.o
HAL_GPIO_DeInit                                   build/debug/Drivers/STM32F0xx_HAL_Driver/Src/stm32f0xx_hal_gpio.o
                                                  build/debug/Core/Src/stm32f0xx_hal_msp.o
HAL_GPIO_EXTI_Callback                            build/debug/Drivers/STM32F0xx_HAL_Driver/Src/stm32f0xx_hal_gpio.o
HAL_GPIO_EXTI_IRQHandler                          build/debug/Drivers/STM32F0xx_HAL_Driver/Src/stm32f0xx_hal_gpio.o
HAL_GPIO_Init                                     build/debug/Drivers/STM32F0xx_HAL_Driver/Src/stm32f0xx_hal_gpio.o
                                                  build/debug/Drivers/STM32F0xx_HAL_Driver/Src/stm32f0xx_hal_rcc.o
                                                  build/debug/Core/Src/stm32f0xx_hal_msp.o
                                                  build/debug/Core/Src/main.o
HAL_GPIO_LockPin                                  build/debug/Drivers/STM32F0xx_HAL_Driver/Src/stm32f0xx_hal_gpio.o
HAL_GPIO_ReadPin                                  build/debug/Drivers/STM32F0xx_HAL_Driver/Src/stm32f0xx_hal_gpio.o
                                                  build/debug/Core/Src/main.o
HAL_GPIO_TogglePin                                build/debug/Drivers/STM32F0xx_HAL_Driver/Src/stm32f0xx_hal_gpio.o
                                                  build/debug/Core/Src/main.o
HAL_GPIO_WritePin                                 build/debug/Drivers/STM32F0xx_HAL_Driver/Src/stm32f0xx_hal_gpio.o
                                                  build/debug/Core/Src/main.o
HAL_GetDEVID                                      build/debug/Drivers/STM32F0xx_HAL_Driver/Src/stm32f0xx_hal.o
HAL_GetHalVersion                                 build/debug/Drivers/STM32F0xx_HAL_Driver/Src/stm32f0xx_hal.o
HAL_GetREVID                                      build/debug/Drivers/STM32F0xx_HAL_Driver/Src/stm32f0xx_hal.o
HAL_GetTick                                       build/debug/Drivers/STM32F0xx_HAL_Driver/Src/stm32f0xx_hal.o
                                                  build/debug/Drivers/STM32F0xx_HAL_Driver/Src/stm32f0xx_hal_rcc_ex.o
                                                  build/debug/Drivers/STM32F0xx_HAL_Driver/Src/stm32f0xx_hal_rcc.o
                                                  build/debug/Drivers/STM32F0xx_HAL_Driver/Src/stm32f0xx_hal_i2c.o
                                                  build/debug/Drivers/STM32F0xx_HAL_Driver/Src/stm32f0xx_hal_flash.o
                                                  build/debug/Drivers/STM32F0xx_HAL_Driver/Src/stm32f0xx_hal_dma.o
                                                  build/debug/Drivers/STM32F0xx_HAL_Driver/Src/stm32f0xx_hal_adc_ex.o
                                                  build/debug/Drivers/STM32F0xx_HAL_Driver/Src/stm32f0xx_hal_adc.o
HAL_GetTickFreq                                   build/debug/Drivers/STM32F0xx_HAL_Driver/Src/stm32f0xx_hal.o
HAL_GetTickPrio                                   build/debug/Drivers/STM32F0xx_HAL_Driver/Src/stm32f0xx_hal.o
HAL_GetUIDw0                                      build/debug/Drivers/STM32F0xx_HAL_Driver/Src/stm32f0xx_hal.o
HAL_GetUIDw1                                      build/debug/Drivers/STM32F0xx_HAL_Driver/Src/stm32f0xx_hal.o
HAL_GetUIDw2                                      build/debug/Drivers/STM32F0xx_HAL_Driver/Src/stm32f0xx_hal.o
HAL_I2CEx_ConfigAnalogFilter                      build/debug/Drivers/STM32F0xx_HAL_Driver/Src/stm32f0xx_hal_i2c_ex.o
HAL_I2CEx_ConfigDigitalFilter                     build/debug/Drivers/STM32F0xx_HAL_Driver/Src/stm32f0xx_hal_i2c_ex.o
HAL_I2CEx_DisableFastModePlus                     build/debug/Drivers/STM32F0xx_HAL_Driver/Src/stm32f0xx_hal_i2c_ex.o
HAL_I2CEx_DisableWakeUp                           build/debug/Drivers/STM32F0xx_HAL_Driver/Src/stm32f0xx_hal_i2c_ex.o
HAL_I2CEx_EnableFastModePlus                      build/debug/Drivers/STM32F0xx_HAL_Driver/Src/stm32f0xx_hal_i2c_ex.o
HAL_I2CEx_EnableWakeUp                            build/debug/Drivers/STM32F0xx_HAL_Driver/Src/stm32f0xx_hal_i2c_ex.o
HAL_I2C_AbortCpltCallback                         build/debug/Drivers/STM32F0xx_HAL_Driver/Src/stm32f0xx_hal_i2c.o
HAL_I2C_AddrCallback                              build/debug/Drivers/STM32F0xx_HAL_Driver/Src/stm32f0xx_hal_i2c.o
HAL_I2C_DeInit                                    build/debug/Drivers/STM32F0xx_HAL_Driver/Src/stm32f0xx_hal_i2c.o
HAL_I2C_DisableListen_IT                          build/debug/Drivers/STM32F0xx_HAL_Driver/Src/stm32f0xx_hal_i2c.o
HAL_I2C_ER_IRQHandler                             build/debug/Drivers/STM32F0xx_HAL_Driver/Src/stm32f0xx_hal_i2c.o
HAL_I2C_EV_IRQHandler                             build/debug/Drivers/STM32F0xx_HAL_Driver/Src/stm32f0xx_hal_i2c.o
HAL_I2C_EnableListen_IT                           build/debug/Drivers/STM32F0xx_HAL_Driver/Src/stm32f0xx_hal_i2c.o
HAL_I2C_ErrorCallback                             build/debug/Drivers/STM32F0xx_HAL_Driver/Src/stm32f0xx_hal_i2c.o
HAL_I2C_GetError                                  build/debug/Drivers/STM32F0xx_HAL_Driver/Src/stm32f0xx_hal_i2c.o
HAL_I2C_GetMode                                   build/debug/Drivers/STM32F0xx_HAL_Driver/Src/stm32f0xx_hal_i2c.o
HAL_I2C_GetState                                  build/debug/Drivers/STM32F0xx_HAL_Driver/Src/stm32f0xx_hal_i2c.o
HAL_I2C_Init                                      build/debug/Drivers/STM32F0xx_HAL_Driver/Src/stm32f0xx_hal_i2c.o
HAL_I2C_IsDeviceReady                             build/debug/Drivers/STM32F0xx_HAL_Driver/Src/stm32f0xx_hal_i2c.o
HAL_I2C_ListenCpltCallback                        build/debug/Drivers/STM32F0xx_HAL_Driver/Src/stm32f0xx_hal_i2c.o
HAL_I2C_MasterRxCpltCallback                      build/debug/Drivers/STM32F0xx_HAL_Driver/Src/stm32f0xx_hal_i2c.o
HAL_I2C_MasterTxCpltCallback                      build/debug/Drivers/STM32F0xx_HAL_Driver/Src/stm32f0xx_hal_i2c.o
HAL_I2C_Master_Abort_IT                           build/debug/Drivers/STM32F0xx_HAL_Driver/Src/stm32f0xx_hal_i2c.o
HAL_I2C_Master_Receive                            build/debug/Drivers/STM32F0xx_HAL_Driver/Src/stm32f0xx_hal_i2c.o
HAL_I2C_Master_Receive_DMA                        build/debug/Drivers/STM32F0xx_HAL_Driver/Src/stm32f0xx_hal_i2c.o
HAL_I2C_Master_Receive_IT                         build/debug/Drivers/STM32F0xx_HAL_Driver/Src/stm32f0xx_hal_i2c.o
HAL_I2C_Master_Seq_Receive_DMA                    build/debug/Drivers/STM32F0xx_HAL_Driver/Src/stm32f0xx_hal_i2c.o
HAL_I2C_Master_Seq_Receive_IT                     build/debug/Drivers/STM32F0xx_HAL_Driver/Src/stm32f0xx_hal_i2c.o
HAL_I2C_Master_Seq_Transmit_DMA                   build/debug/Drivers/STM32F0xx_HAL_Driver/Src/stm32f0xx_hal_i2c.o
HAL_I2C_Master_Seq_Transmit_IT                    build/debug/Drivers/STM32F0xx_HAL_Driver/Src/stm32f0xx_hal_i2c.o
HAL_I2C_Master_Transmit                           build/debug/Drivers/STM32F0xx_HAL_Driver/Src/stm32f0xx_hal_i2c.o
HAL_I2C_Master_Transmit_DMA                       build/debug/Drivers/STM32F0xx_HAL_Driver/Src/stm32f0xx_hal_i2c.o
HAL_I2C_Master_Transmit_IT                        build/debug/Drivers/STM32F0xx_HAL_Driver/Src/stm32f0xx_hal_i2c.o
HAL_I2C_MemRxCpltCallback                         build/debug/Drivers/STM32F0xx_HAL_Driver/Src/stm32f0xx_hal_i2c.o
HAL_I2C_MemTxCpltCallback                         build/debug/Drivers/STM32F0xx_HAL_Driver/Src/stm32f0xx_hal_i2c.o
HAL_I2C_Mem_Read                                  build/debug/Drivers/STM32F0xx_HAL_Driver/Src/stm32f0xx_hal_i2c.o
HAL_I2C_Mem_Read_DMA                              build/debug/Drivers/STM32F0xx_HAL_Driver/Src/stm32f0xx_hal_i2c.o
HAL_I2C_Mem_Read_IT                               build/debug/Drivers/STM32F0xx_HAL_Driver/Src/stm32f0xx_hal_i2c.o
HAL_I2C_Mem_Write                                 build/debug/Drivers/STM32F0xx_HAL_Driver/Src/stm32f0xx_hal_i2c.o
HAL_I2C_Mem_Write_DMA                             build/debug/Drivers/STM32F0xx_HAL_Driver/Src/stm32f0xx_hal_i2c.o
HAL_I2C_Mem_Write_IT                              build/debug/Drivers/STM32F0xx_HAL_Driver/Src/stm32f0xx_hal_i2c.o
HAL_I2C_MspDeInit                                 build/debug/Drivers/STM32F0xx_HAL_Driver/Src/stm32f0xx_hal_i2c.o
HAL_I2C_MspInit                                   build/debug/Drivers/STM32F0xx_HAL_Driver/Src/stm32f0xx_hal_i2c.o
HAL_I2C_SlaveRxCpltCallback                       build/debug/Drivers/STM32F0xx_HAL_Driver/Src/stm32f0xx_hal_i2c.o
HAL_I2C_SlaveTxCpltCallback                       build/debug/Drivers/STM32F0xx_HAL_Driver/Src/stm32f0xx_hal_i2c.o
HAL_I2C_Slave_Receive                             build/debug/Drivers/STM32F0xx_HAL_Driver/Src/stm32f0xx_hal_i2c.o
HAL_I2C_Slave_Receive_DMA                         build/debug/Drivers/STM32F0xx_HAL_Driver/Src/stm32f0xx_hal_i2c.o
HAL_I2C_Slave_Receive_IT                          build/debug/Drivers/STM32F0xx_HAL_Driver/Src/stm32f0xx_hal_i2c.o
HAL_I2C_Slave_Seq_Receive_DMA                     build/debug/Drivers/STM32F0xx_HAL_Driver/Src/stm32f0xx_hal_i2c.o
HAL_I2C_Slave_Seq_Receive_IT                      build/debug/Drivers/STM32F0xx_HAL_Driver/Src/stm32f0xx_hal_i2c.o
HAL_I2C_Slave_Seq_Transmit_DMA                    build/debug/Drivers/STM32F0xx_HAL_Driver/Src/stm32f0xx_hal_i2c.o
HAL_I2C_Slave_Seq_Transmit_IT                     build/debug/Drivers/STM32F0xx_HAL_Driver/Src/stm32f0xx_hal_i2c.o
HAL_I2C_Slave_Transmit                            build/debug/Drivers/STM32F0xx_HAL_Driver/Src/stm32f0xx_hal_i2c.o
HAL_I2C_Slave_Transmit_DMA                        build/debug/Drivers/STM32F0xx_HAL_Driver/Src/stm32f0xx_hal_i2c.o
HAL_I2C_Slave_Transmit_IT                         build/debug/Drivers/STM32F0xx_HAL_Driver/Src/stm32f0xx_hal_i2c.o
HAL_IncTick                                       build/debug/Drivers/STM32F0xx_HAL_Driver/Src/stm32f0xx_hal.o
                                                  build/debug/Core/Src/stm32f0xx_it.o
HAL_Init                                          build/debug/Drivers/STM32F0xx_HAL_Driver/Src/stm32f0xx_hal.o
                                                  build/debug/Core/Src/main.o
HAL_InitTick                                      build/debug/Drivers/STM32F0xx_HAL_Driver/Src/stm32f0xx_hal.o
                                                  build/debug/Drivers/STM32F0xx_HAL_Driver/Src/stm32f0xx_hal_rcc.o
HAL_MspDeInit                                     build/debug/Drivers/STM32F0xx_HAL_Driver/Src/stm32f0xx_hal.o
HAL_MspInit                                       build/debug/Core/Src/stm32f0xx_hal_msp.o
HAL_NVIC_ClearPendingIRQ                          build/debug/Drivers/STM32F0xx_HAL_Driver/Src/stm32f0xx_hal_cortex.o
HAL_NVIC_DisableIRQ                               build/debug/Drivers/STM32F0xx_HAL_Driver/Src/stm32f0xx_hal_cortex.o
HAL_NVIC_EnableIRQ                                build/debug/Drivers/STM32F0xx_HAL_Driver/Src/stm32f0xx_hal_cortex.o
                                                  build/debug/Core/Src/main.o
HAL_NVIC_GetPendingIRQ                            build/debug/Drivers/STM32F0xx_HAL_Driver/Src/stm32f0xx_hal_cortex.o
HAL_NVIC_GetPriority                              build/debug/Drivers/STM32F0xx_HAL_Driver/Src/stm32f0xx_hal_cortex.o
HAL_NVIC_SetPendingIRQ                            build/debug/Drivers/STM32F0xx_HAL_Driver/Src/stm32f0xx_hal_cortex.o
HAL_NVIC_SetPriority                              build/debug/Drivers/STM32F0xx_HAL_Driver/Src/stm32f0xx_hal_cortex.o
                                                  build/debug/Drivers/STM32F0xx_HAL_Driver/Src/stm32f0xx_hal.o
                                                  build/debug/Core/Src/main.o
HAL_NVIC_SystemReset                              build/debug/Drivers/STM32F0xx_HAL_Driver/Src/stm32f0xx_hal_cortex.o
HAL_PWREx_DisableVddio2Monitor                    build/debug/Drivers/STM32F0xx_HAL_Driver/Src/stm32f0xx_hal_pwr_ex.o
HAL_PWREx_EnableVddio2Monitor                     build/debug/Drivers/STM32F0xx_HAL_Driver/Src/stm32f0xx_hal_pwr_ex.o
HAL_PWREx_Vddio2MonitorCallback                   build/debug/Drivers/STM32F0xx_HAL_Driver/Src/stm32f0xx_hal_pwr_ex.o
HAL_PWREx_Vddio2Monitor_IRQHandler                build/debug/Drivers/STM32F0xx_HAL_Driver/Src/stm32f0xx_hal_pwr_ex.o
HAL_PWR_ConfigPVD                                 build/debug/Drivers/STM32F0xx_HAL_Driver/Src/stm32f0xx_hal_pwr_ex.o
HAL_PWR_DeInit                                    build/debug/Drivers/STM32F0xx_HAL_Driver/Src/stm32f0xx_hal_pwr.o
HAL_PWR_DisableBkUpAccess                         build/debug/Drivers/STM32F0xx_HAL_Driver/Src/stm32f0xx_hal_pwr.o
HAL_PWR_DisablePVD                                build/debug/Drivers/STM32F0xx_HAL_Driver/Src/stm32f0xx_hal_pwr_ex.o
HAL_PWR_DisableSEVOnPend                          build/debug/Drivers/STM32F0xx_HAL_Driver/Src/stm32f0xx_hal_pwr.o
HAL_PWR_DisableSleepOnExit                        build/debug/Drivers/STM32F0xx_HAL_Driver/Src/stm32f0xx_hal_pwr.o
HAL_PWR_DisableWakeUpPin                          build/debug/Drivers/STM32F0xx_HAL_Driver/Src/stm32f0xx_hal_pwr.o
HAL_PWR_EnableBkUpAccess                          build/debug/Drivers/STM32F0xx_HAL_Driver/Src/stm32f0xx_hal_pwr.o
HAL_PWR_EnablePVD                                 build/debug/Drivers/STM32F0xx_HAL_Driver/Src/stm32f0xx_hal_pwr_ex.o
HAL_PWR_EnableSEVOnPend                           build/debug/Drivers/STM32F0xx_HAL_Driver/Src/stm32f0xx_hal_pwr.o
HAL_PWR_EnableSleepOnExit                         build/debug/Drivers/STM32F0xx_HAL_Driver/Src/stm32f0xx_hal_pwr.o
HAL_PWR_EnableWakeUpPin                           build/debug/Drivers/STM32F0xx_HAL_Driver/Src/stm32f0xx_hal_pwr.o
HAL_PWR_EnterSLEEPMode                            build/debug/Drivers/STM32F0xx_HAL_Driver/Src/stm32f0xx_hal_pwr.o
HAL_PWR_EnterSTANDBYMode                          build/debug/Drivers/STM32F0xx_HAL_Driver/Src/stm32f0xx_hal_pwr.o
HAL_PWR_EnterSTOPMode                             build/debug/Drivers/STM32F0xx_HAL_Driver/Src/stm32f0xx_hal_pwr.o
HAL_PWR_PVDCallback                               build/debug/Drivers/STM32F0xx_HAL_Driver/Src/stm32f0xx_hal_pwr_ex.o
HAL_PWR_PVD_IRQHandler                            build/debug/Drivers/STM32F0xx_HAL_Driver/Src/stm32f0xx_hal_pwr_ex.o
HAL_RCCEx_CRSConfig                               build/debug/Drivers/STM32F0xx_HAL_Driver/Src/stm32f0xx_hal_rcc_ex.o
HAL_RCCEx_CRSGetSynchronizationInfo               build/debug/Drivers/STM32F0xx_HAL_Driver/Src/stm32f0xx_hal_rcc_ex.o
HAL_RCCEx_CRSSoftwareSynchronizationGenerate      build/debug/Drivers/STM32F0xx_HAL_Driver/Src/stm32f0xx_hal_rcc_ex.o
HAL_RCCEx_CRSWaitSynchronization                  build/debug/Drivers/STM32F0xx_HAL_Driver/Src/stm32f0xx_hal_rcc_ex.o
HAL_RCCEx_CRS_ErrorCallback                       build/debug/Drivers/STM32F0xx_HAL_Driver/Src/stm32f0xx_hal_rcc_ex.o
HAL_RCCEx_CRS_ExpectedSyncCallback                build/debug/Drivers/STM32F0xx_HAL_Driver/Src/stm32f0xx_hal_rcc_ex.o
HAL_RCCEx_CRS_IRQHandler                          build/debug/Drivers/STM32F0xx_HAL_Driver/Src/stm32f0xx_hal_rcc_ex.o
HAL_RCCEx_CRS_SyncOkCallback                      build/debug/Drivers/STM32F0xx_HAL_Driver/Src/stm32f0xx_hal_rcc_ex.o
HAL_RCCEx_CRS_SyncWarnCallback                    build/debug/Drivers/STM32F0xx_HAL_Driver/Src/stm32f0xx_hal_rcc_ex.o
HAL_RCCEx_GetPeriphCLKConfig                      build/debug/Drivers/STM32F0xx_HAL_Driver/Src/stm32f0xx_hal_rcc_ex.o
HAL_RCCEx_GetPeriphCLKFreq                        build/debug/Drivers/STM32F0xx_HAL_Driver/Src/stm32f0xx_hal_rcc_ex.o
HAL_RCCEx_PeriphCLKConfig                         build/debug/Drivers/STM32F0xx_HAL_Driver/Src/stm32f0xx_hal_rcc_ex.o
HAL_RCC_CSSCallback                               build/debug/Drivers/STM32F0xx_HAL_Driver/Src/stm32f0xx_hal_rcc.o
HAL_RCC_ClockConfig                               build/debug/Drivers/STM32F0xx_HAL_Driver/Src/stm32f0xx_hal_rcc.o
                                                  build/debug/Core/Src/main.o
HAL_RCC_DeInit                                    build/debug/Drivers/STM32F0xx_HAL_Driver/Src/stm32f0xx_hal_rcc.o
HAL_RCC_DisableCSS                                build/debug/Drivers/STM32F0xx_HAL_Driver/Src/stm32f0xx_hal_rcc.o
HAL_RCC_EnableCSS                                 build/debug/Drivers/STM32F0xx_HAL_Driver/Src/stm32f0xx_hal_rcc.o
HAL_RCC_GetClockConfig                            build/debug/Drivers/STM32F0xx_HAL_Driver/Src/stm32f0xx_hal_rcc.o
HAL_RCC_GetHCLKFreq                               build/debug/Drivers/STM32F0xx_HAL_Driver/Src/stm32f0xx_hal_rcc.o
HAL_RCC_GetOscConfig                              build/debug/Drivers/STM32F0xx_HAL_Driver/Src/stm32f0xx_hal_rcc.o
HAL_RCC_GetPCLK1Freq                              build/debug/Drivers/STM32F0xx_HAL_Driver/Src/stm32f0xx_hal_rcc.o
                                                  build/debug/Drivers/STM32F0xx_HAL_Driver/Src/stm32f0xx_hal_rcc_ex.o
HAL_RCC_GetSysClockFreq                           build/debug/Drivers/STM32F0xx_HAL_Driver/Src/stm32f0xx_hal_rcc.o
                                                  build/debug/Drivers/STM32F0xx_HAL_Driver/Src/stm32f0xx_hal_rcc_ex.o
HAL_RCC_MCOConfig                                 build/debug/Drivers/STM32F0xx_HAL_Driver/Src/stm32f0xx_hal_rcc.o
HAL_RCC_NMI_IRQHandler                            build/debug/Drivers/STM32F0xx_HAL_Driver/Src/stm32f0xx_hal_rcc.o
HAL_RCC_OscConfig                                 build/debug/Drivers/STM32F0xx_HAL_Driver/Src/stm32f0xx_hal_rcc.o
                                                  build/debug/Core/Src/main.o
HAL_ResumeTick                                    build/debug/Drivers/STM32F0xx_HAL_Driver/Src/stm32f0xx_hal.o
HAL_SYSTICK_CLKSourceConfig                       build/debug/Drivers/STM32F0xx_HAL_Driver/Src/stm32f0xx_hal_cortex.o
HAL_SYSTICK_Callback                              build/debug/Drivers/STM32F0xx_HAL_Driver/Src/stm32f0xx_hal_cortex.o
HAL_SYSTICK_Config                                build/debug/Drivers/STM32F0xx_HAL_Driver/Src/stm32f0xx_hal_cortex.o
                                                  build/debug/Drivers/STM32F0xx_HAL_Driver/Src/stm32f0xx_hal.o
HAL_SYSTICK_IRQHandler                            build/debug/Drivers/STM32F0xx_HAL_Driver/Src/stm32f0xx_hal_cortex.o
HAL_SetTickFreq                                   build/debug/Drivers/STM32F0xx_HAL_Driver/Src/stm32f0xx_hal.o
HAL_SuspendTick                                   build/debug/Drivers/STM32F0xx_HAL_Driver/Src/stm32f0xx_hal.o
HAL_TIMEx_BreakCallback                           build/debug/Drivers/STM32F0xx_HAL_Driver/Src/stm32f0xx_hal_tim_ex.o
                                                  build/debug/Drivers/STM32F0xx_HAL_Driver/Src/stm32f0xx_hal_tim.o
HAL_TIMEx_CommutCallback                          build/debug/Drivers/STM32F0xx_HAL_Driver/Src/stm32f0xx_hal_tim_ex.o
                                                  build/debug/Drivers/STM32F0xx_HAL_Driver/Src/stm32f0xx_hal_tim.o
HAL_TIMEx_CommutHalfCpltCallback                  build/debug/Drivers/STM32F0xx_HAL_Driver/Src/stm32f0xx_hal_tim_ex.o
HAL_TIMEx_ConfigBreakDeadTime                     build/debug/Drivers/STM32F0xx_HAL_Driver/Src/stm32f0xx_hal_tim_ex.o
                                                  build/debug/Core/Src/main.o
HAL_TIMEx_ConfigCommutEvent                       build/debug/Drivers/STM32F0xx_HAL_Driver/Src/stm32f0xx_hal_tim_ex.o
HAL_TIMEx_ConfigCommutEvent_DMA                   build/debug/Drivers/STM32F0xx_HAL_Driver/Src/stm32f0xx_hal_tim_ex.o
HAL_TIMEx_ConfigCommutEvent_IT                    build/debug/Drivers/STM32F0xx_HAL_Driver/Src/stm32f0xx_hal_tim_ex.o
HAL_TIMEx_GetChannelNState                        build/debug/Drivers/STM32F0xx_HAL_Driver/Src/stm32f0xx_hal_tim_ex.o
HAL_TIMEx_HallSensor_DeInit                       build/debug/Drivers/STM32F0xx_HAL_Driver/Src/stm32f0xx_hal_tim_ex.o
HAL_TIMEx_HallSensor_GetState                     build/debug/Drivers/STM32F0xx_HAL_Driver/Src/stm32f0xx_hal_tim_ex.o
HAL_TIMEx_HallSensor_Init                         build/debug/Drivers/STM32F0xx_HAL_Driver/Src/stm32f0xx_hal_tim_ex.o
HAL_TIMEx_HallSensor_MspDeInit                    build/debug/Drivers/STM32F0xx_HAL_Driver/Src/stm32f0xx_hal_tim_ex.o
HAL_TIMEx_HallSensor_MspInit                      build/debug/Drivers/STM32F0xx_HAL_Driver/Src/stm32f0xx_hal_tim_ex.o
HAL_TIMEx_HallSensor_Start                        build/debug/Drivers/STM32F0xx_HAL_Driver/Src/stm32f0xx_hal_tim_ex.o
HAL_TIMEx_HallSensor_Start_DMA                    build/debug/Drivers/STM32F0xx_HAL_Driver/Src/stm32f0xx_hal_tim_ex.o
HAL_TIMEx_HallSensor_Start_IT                     build/debug/Drivers/STM32F0xx_HAL_Driver/Src/stm32f0xx_hal_tim_ex.o
HAL_TIMEx_HallSensor_Stop                         build/debug/Drivers/STM32F0xx_HAL_Driver/Src/stm32f0xx_hal_tim_ex.o
HAL_TIMEx_HallSensor_Stop_DMA                     build/debug/Drivers/STM32F0xx_HAL_Driver/Src/stm32f0xx_hal_tim_ex.o
HAL_TIMEx_HallSensor_Stop_IT                      build/debug/Drivers/STM32F0xx_HAL_Driver/Src/stm32f0xx_hal_tim_ex.o
HAL_TIMEx_MasterConfigSynchronization             build/debug/Drivers/STM32F0xx_HAL_Driver/Src/stm32f0xx_hal_tim_ex.o
                                                  build/debug/Core/Src/main.o
HAL_TIMEx_OCN_Start                               build/debug/Drivers/STM32F0xx_HAL_Driver/Src/stm32f0xx_hal_tim_ex.o
HAL_TIMEx_OCN_Start_DMA                           build/debug/Drivers/STM32F0xx_HAL_Driver/Src/stm32f0xx_hal_tim_ex.o
HAL_TIMEx_OCN_Start_IT                            build/debug/Drivers/STM32F0xx_HAL_Driver/Src/stm32f0xx_hal_tim_ex.o
HAL_TIMEx_OCN_Stop                                build/debug/Drivers/STM32F0xx_HAL_Driver/Src/stm32f0xx_hal_tim_ex.o
HAL_TIMEx_OCN_Stop_DMA                            build/debug/Drivers/STM32F0xx_HAL_Driver/Src/stm32f0xx_hal_tim_ex.o
HAL_TIMEx_OCN_Stop_IT                             build/debug/Drivers/STM32F0xx_HAL_Driver/Src/stm32f0xx_hal_tim_ex.o
HAL_TIMEx_OnePulseN_Start                         build/debug/Drivers/STM32F0xx_HAL_Driver/Src/stm32f0xx_hal_tim_ex.o
HAL_TIMEx_OnePulseN_Start_IT                      build/debug/Drivers/STM32F0xx_HAL_Driver/Src/stm32f0xx_hal_tim_ex.o
HAL_TIMEx_OnePulseN_Stop                          build/debug/Drivers/STM32F0xx_HAL_Driver/Src/stm32f0xx_hal_tim_ex.o
HAL_TIMEx_OnePulseN_Stop_IT                       build/debug/Drivers/STM32F0xx_HAL_Driver/Src/stm32f0xx_hal_tim_ex.o
HAL_TIMEx_PWMN_Start                              build/debug/Drivers/STM32F0xx_HAL_Driver/Src/stm32f0xx_hal_tim_ex.o
HAL_TIMEx_PWMN_Start_DMA                          build/debug/Drivers/STM32F0xx_HAL_Driver/Src/stm32f0xx_hal_tim_ex.o
HAL_TIMEx_PWMN_Start_IT                           build/debug/Drivers/STM32F0xx_HAL_Driver/Src/stm32f0xx_hal_tim_ex.o
HAL_TIMEx_PWMN_Stop                               build/debug/Drivers/STM32F0xx_HAL_Driver/Src/stm32f0xx_hal_tim_ex.o
HAL_TIMEx_PWMN_Stop_DMA                           build/debug/Drivers/STM32F0xx_HAL_Driver/Src/stm32f0xx_hal_tim_ex.o
HAL_TIMEx_PWMN_Stop_IT                            build/debug/Drivers/STM32F0xx_HAL_Driver/Src/stm32f0xx_hal_tim_ex.o
HAL_TIMEx_RemapConfig                             build/debug/Drivers/STM32F0xx_HAL_Driver/Src/stm32f0xx_hal_tim_ex.o
HAL_TIM_Base_DeInit                               build/debug/Drivers/STM32F0xx_HAL_Driver/Src/stm32f0xx_hal_tim.o
HAL_TIM_Base_GetState                             build/debug/Drivers/STM32F0xx_HAL_Driver/Src/stm32f0xx_hal_tim.o
HAL_TIM_Base_Init                                 build/debug/Drivers/STM32F0xx_HAL_Driver/Src/stm32f0xx_hal_tim.o
                                                  build/debug/Core/Src/main.o
HAL_TIM_Base_MspDeInit                            build/debug/Core/Src/stm32f0xx_hal_msp.o
HAL_TIM_Base_MspInit                              build/debug/Core/Src/stm32f0xx_hal_msp.o
HAL_TIM_Base_Start                                build/debug/Drivers/STM32F0xx_HAL_Driver/Src/stm32f0xx_hal_tim.o
HAL_TIM_Base_Start_DMA                            build/debug/Drivers/STM32F0xx_HAL_Driver/Src/stm32f0xx_hal_tim.o
HAL_TIM_Base_Start_IT                             build/debug/Drivers/STM32F0xx_HAL_Driver/Src/stm32f0xx_hal_tim.o
HAL_TIM_Base_Stop                                 build/debug/Drivers/STM32F0xx_HAL_Driver/Src/stm32f0xx_hal_tim.o
HAL_TIM_Base_Stop_DMA                             build/debug/Drivers/STM32F0xx_HAL_Driver/Src/stm32f0xx_hal_tim.o
HAL_TIM_Base_Stop_IT                              build/debug/Drivers/STM32F0xx_HAL_Driver/Src/stm32f0xx_hal_tim.o
HAL_TIM_ConfigClockSource                         build/debug/Drivers/STM32F0xx_HAL_Driver/Src/stm32f0xx_hal_tim.o
                                                  build/debug/Core/Src/main.o
HAL_TIM_ConfigOCrefClear                          build/debug/Drivers/STM32F0xx_HAL_Driver/Src/stm32f0xx_hal_tim.o
HAL_TIM_ConfigTI1Input                            build/debug/Drivers/STM32F0xx_HAL_Driver/Src/stm32f0xx_hal_tim.o
HAL_TIM_DMABurstState                             build/debug/Drivers/STM32F0xx_HAL_Driver/Src/stm32f0xx_hal_tim.o
HAL_TIM_DMABurst_MultiReadStart                   build/debug/Drivers/STM32F0xx_HAL_Driver/Src/stm32f0xx_hal_tim.o
HAL_TIM_DMABurst_MultiWriteStart                  build/debug/Drivers/STM32F0xx_HAL_Driver/Src/stm32f0xx_hal_tim.o
HAL_TIM_DMABurst_ReadStart                        build/debug/Drivers/STM32F0xx_HAL_Driver/Src/stm32f0xx_hal_tim.o
HAL_TIM_DMABurst_ReadStop                         build/debug/Drivers/STM32F0xx_HAL_Driver/Src/stm32f0xx_hal_tim.o
HAL_TIM_DMABurst_WriteStart                       build/debug/Drivers/STM32F0xx_HAL_Driver/Src/stm32f0xx_hal_tim.o
HAL_TIM_DMABurst_WriteStop                        build/debug/Drivers/STM32F0xx_HAL_Driver/Src/stm32f0xx_hal_tim.o
HAL_TIM_Encoder_DeInit                            build/debug/Drivers/STM32F0xx_HAL_Driver/Src/stm32f0xx_hal_tim.o
HAL_TIM_Encoder_GetState                          build/debug/Drivers/STM32F0xx_HAL_Driver/Src/stm32f0xx_hal_tim.o
HAL_TIM_Encoder_Init                              build/debug/Drivers/STM32F0xx_HAL_Driver/Src/stm32f0xx_hal_tim.o
HAL_TIM_Encoder_MspDeInit                         build/debug/Drivers/STM32F0xx_HAL_Driver/Src/stm32f0xx_hal_tim.o
HAL_TIM_Encoder_MspInit                           build/debug/Drivers/STM32F0xx_HAL_Driver/Src/stm32f0xx_hal_tim.o
HAL_TIM_Encoder_Start                             build/debug/Drivers/STM32F0xx_HAL_Driver/Src/stm32f0xx_hal_tim.o
HAL_TIM_Encoder_Start_DMA                         build/debug/Drivers/STM32F0xx_HAL_Driver/Src/stm32f0xx_hal_tim.o
HAL_TIM_Encoder_Start_IT                          build/debug/Drivers/STM32F0xx_HAL_Driver/Src/stm32f0xx_hal_tim.o
HAL_TIM_Encoder_Stop                              build/debug/Drivers/STM32F0xx_HAL_Driver/Src/stm32f0xx_hal_tim.o
HAL_TIM_Encoder_Stop_DMA                          build/debug/Drivers/STM32F0xx_HAL_Driver/Src/stm32f0xx_hal_tim.o
HAL_TIM_Encoder_Stop_IT                           build/debug/Drivers/STM32F0xx_HAL_Driver/Src/stm32f0xx_hal_tim.o
HAL_TIM_ErrorCallback                             build/debug/Drivers/STM32F0xx_HAL_Driver/Src/stm32f0xx_hal_tim.o
                                                  build/debug/Drivers/STM32F0xx_HAL_Driver/Src/stm32f0xx_hal_tim_ex.o
HAL_TIM_GenerateEvent                             build/debug/Drivers/STM32F0xx_HAL_Driver/Src/stm32f0xx_hal_tim.o
HAL_TIM_GetActiveChannel                          build/debug/Drivers/STM32F0xx_HAL_Driver/Src/stm32f0xx_hal_tim.o
HAL_TIM_GetChannelState                           build/debug/Drivers/STM32F0xx_HAL_Driver/Src/stm32f0xx_hal_tim.o
HAL_TIM_IC_CaptureCallback                        build/debug/Drivers/STM32F0xx_HAL_Driver/Src/stm32f0xx_hal_tim.o
HAL_TIM_IC_CaptureHalfCpltCallback                build/debug/Drivers/STM32F0xx_HAL_Driver/Src/stm32f0xx_hal_tim.o
HAL_TIM_IC_ConfigChannel                          build/debug/Drivers/STM32F0xx_HAL_Driver/Src/stm32f0xx_hal_tim.o
HAL_TIM_IC_DeInit                                 build/debug/Drivers/STM32F0xx_HAL_Driver/Src/stm32f0xx_hal_tim.o
HAL_TIM_IC_GetState                               build/debug/Drivers/STM32F0xx_HAL_Driver/Src/stm32f0xx_hal_tim.o
HAL_TIM_IC_Init                                   build/debug/Drivers/STM32F0xx_HAL_Driver/Src/stm32f0xx_hal_tim.o
HAL_TIM_IC_MspDeInit                              build/debug/Drivers/STM32F0xx_HAL_Driver/Src/stm32f0xx_hal_tim.o
HAL_TIM_IC_MspInit                                build/debug/Drivers/STM32F0xx_HAL_Driver/Src/stm32f0xx_hal_tim.o
HAL_TIM_IC_Start                                  build/debug/Drivers/STM32F0xx_HAL_Driver/Src/stm32f0xx_hal_tim.o
HAL_TIM_IC_Start_DMA                              build/debug/Drivers/STM32F0xx_HAL_Driver/Src/stm32f0xx_hal_tim.o
HAL_TIM_IC_Start_IT                               build/debug/Drivers/STM32F0xx_HAL_Driver/Src/stm32f0xx_hal_tim.o
HAL_TIM_IC_Stop                                   build/debug/Drivers/STM32F0xx_HAL_Driver/Src/stm32f0xx_hal_tim.o
HAL_TIM_IC_Stop_DMA                               build/debug/Drivers/STM32F0xx_HAL_Driver/Src/stm32f0xx_hal_tim.o
HAL_TIM_IC_Stop_IT                                build/debug/Drivers/STM32F0xx_HAL_Driver/Src/stm32f0xx_hal_tim.o
HAL_TIM_IRQHandler                                build/debug/Drivers/STM32F0xx_HAL_Driver/Src/stm32f0xx_hal_tim.o
HAL_TIM_MspPostInit                               build/debug/Core/Src/stm32f0xx_hal_msp.o
                                                  build/debug/Core/Src/main.o
HAL_TIM_OC_ConfigChannel                          build/debug/Drivers/STM32F0xx_HAL_Driver/Src/stm32f0xx_hal_tim.o
HAL_TIM_OC_DeInit                                 build/debug/Drivers/STM32F0xx_HAL_Driver/Src/stm32f0xx_hal_tim.o
HAL_TIM_OC_DelayElapsedCallback                   build/debug/Drivers/STM32F0xx_HAL_Driver/Src/stm32f0xx_hal_tim.o
HAL_TIM_OC_GetState                               build/debug/Drivers/STM32F0xx_HAL_Driver/Src/stm32f0xx_hal_tim.o
HAL_TIM_OC_Init                                   build/debug/Drivers/STM32F0xx_HAL_Driver/Src/stm32f0xx_hal_tim.o
HAL_TIM_OC_MspDeInit                              build/debug/Drivers/STM32F0xx_HAL_Driver/Src/stm32f0xx_hal_tim.o
HAL_TIM_OC_MspInit                                build/debug/Drivers/STM32F0xx_HAL_Driver/Src/stm32f0xx_hal_tim.o
HAL_TIM_OC_Start                                  build/debug/Drivers/STM32F0xx_HAL_Driver/Src/stm32f0xx_hal_tim.o
HAL_TIM_OC_Start_DMA                              build/debug/Drivers/STM32F0xx_HAL_Driver/Src/stm32f0xx_hal_tim.o
HAL_TIM_OC_Start_IT                               build/debug/Drivers/STM32F0xx_HAL_Driver/Src/stm32f0xx_hal_tim.o
HAL_TIM_OC_Stop                                   build/debug/Drivers/STM32F0xx_HAL_Driver/Src/stm32f0xx_hal_tim.o
HAL_TIM_OC_Stop_DMA                               build/debug/Drivers/STM32F0xx_HAL_Driver/Src/stm32f0xx_hal_tim.o
HAL_TIM_OC_Stop_IT                                build/debug/Drivers/STM32F0xx_HAL_Driver/Src/stm32f0xx_hal_tim.o
HAL_TIM_OnePulse_ConfigChannel                    build/debug/Drivers/STM32F0xx_HAL_Driver/Src/stm32f0xx_hal_tim.o
HAL_TIM_OnePulse_DeInit                           build/debug/Drivers/STM32F0xx_HAL_Driver/Src/stm32f0xx_hal_tim.o
HAL_TIM_OnePulse_GetState                         build/debug/Drivers/STM32F0xx_HAL_Driver/Src/stm32f0xx_hal_tim.o
HAL_TIM_OnePulse_Init                             build/debug/Drivers/STM32F0xx_HAL_Driver/Src/stm32f0xx_hal_tim.o
HAL_TIM_OnePulse_MspDeInit                        build/debug/Drivers/STM32F0xx_HAL_Driver/Src/stm32f0xx_hal_tim.o
HAL_TIM_OnePulse_MspInit                          build/debug/Drivers/STM32F0xx_HAL_Driver/Src/stm32f0xx_hal_tim.o
HAL_TIM_OnePulse_Start                            build/debug/Drivers/STM32F0xx_HAL_Driver/Src/stm32f0xx_hal_tim.o
HAL_TIM_OnePulse_Start_IT                         build/debug/Drivers/STM32F0xx_HAL_Driver/Src/stm32f0xx_hal_tim.o
HAL_TIM_OnePulse_Stop                             build/debug/Drivers/STM32F0xx_HAL_Driver/Src/stm32f0xx_hal_tim.o
HAL_TIM_OnePulse_Stop_IT                          build/debug/Drivers/STM32F0xx_HAL_Driver/Src/stm32f0xx_hal_tim.o
HAL_TIM_PWM_ConfigChannel                         build/debug/Drivers/STM32F0xx_HAL_Driver/Src/stm32f0xx_hal_tim.o
                                                  build/debug/Core/Src/main.o
HAL_TIM_PWM_DeInit                                build/debug/Drivers/STM32F0xx_HAL_Driver/Src/stm32f0xx_hal_tim.o
HAL_TIM_PWM_GetState                              build/debug/Drivers/STM32F0xx_HAL_Driver/Src/stm32f0xx_hal_tim.o
HAL_TIM_PWM_Init                                  build/debug/Drivers/STM32F0xx_HAL_Driver/Src/stm32f0xx_hal_tim.o
                                                  build/debug/Core/Src/main.o
HAL_TIM_PWM_MspDeInit                             build/debug/Drivers/STM32F0xx_HAL_Driver/Src/stm32f0xx_hal_tim.o
HAL_TIM_PWM_MspInit                               build/debug/Drivers/STM32F0xx_HAL_Driver/Src/stm32f0xx_hal_tim.o
HAL_TIM_PWM_PulseFinishedCallback                 build/debug/Drivers/STM32F0xx_HAL_Driver/Src/stm32f0xx_hal_tim.o
                                                  build/debug/Drivers/STM32F0xx_HAL_Driver/Src/stm32f0xx_hal_tim_ex.o
HAL_TIM_PWM_PulseFinishedHalfCpltCallback         build/debug/Drivers/STM32F0xx_HAL_Driver/Src/stm32f0xx_hal_tim.o
HAL_TIM_PWM_Start                                 build/debug/Drivers/STM32F0xx_HAL_Driver/Src/stm32f0xx_hal_tim.o
                                                  build/debug/Core/Src/main.o
HAL_TIM_PWM_Start_DMA                             build/debug/Drivers/STM32F0xx_HAL_Driver/Src/stm32f0xx_hal_tim.o
HAL_TIM_PWM_Start_IT                              build/debug/Drivers/STM32F0xx_HAL_Driver/Src/stm32f0xx_hal_tim.o
HAL_TIM_PWM_Stop                                  build/debug/Drivers/STM32F0xx_HAL_Driver/Src/stm32f0xx_hal_tim.o
HAL_TIM_PWM_Stop_DMA                              build/debug/Drivers/STM32F0xx_HAL_Driver/Src/stm32f0xx_hal_tim.o
HAL_TIM_PWM_Stop_IT                               build/debug/Drivers/STM32F0xx_HAL_Driver/Src/stm32f0xx_hal_tim.o
HAL_TIM_PeriodElapsedCallback                     build/debug/Drivers/STM32F0xx_HAL_Driver/Src/stm32f0xx_hal_tim.o
HAL_TIM_PeriodElapsedHalfCpltCallback             build/debug/Drivers/STM32F0xx_HAL_Driver/Src/stm32f0xx_hal_tim.o
HAL_TIM_ReadCapturedValue                         build/debug/Drivers/STM32F0xx_HAL_Driver/Src/stm32f0xx_hal_tim.o
HAL_TIM_SlaveConfigSynchro                        build/debug/Drivers/STM32F0xx_HAL_Driver/Src/stm32f0xx_hal_tim.o